Component: ARM Compiler 5.06 update 7 (build 960) Tool: armlink [4d3601]

==============================================================================

Section Cross References

    adc.o(i.HAL_ADC_MspDeInit) refers to stm32g4xx_hal_gpio.o(i.HAL_GPIO_DeInit) for HAL_GPIO_DeInit
    adc.o(i.HAL_ADC_MspInit) refers to memseta.o(.text) for __aeabi_memclr4
    adc.o(i.HAL_ADC_MspInit) refers to stm32g4xx_hal_rcc_ex.o(i.HAL_RCCEx_PeriphCLKConfig) for HAL_RCCEx_PeriphCLKConfig
    adc.o(i.HAL_ADC_MspInit) refers to main.o(i.Error_Handler) for Error_Handler
    adc.o(i.HAL_ADC_MspInit) refers to stm32g4xx_hal_gpio.o(i.HAL_GPIO_Init) for HAL_GPIO_Init
    adc.o(i.MX_ADC3_Init) refers to memseta.o(.text) for __aeabi_memclr4
    adc.o(i.MX_ADC3_Init) refers to stm32g4xx_hal_adc.o(i.HAL_ADC_Init) for HAL_ADC_Init
    adc.o(i.MX_ADC3_Init) refers to main.o(i.Error_Handler) for Error_Handler
    adc.o(i.MX_ADC3_Init) refers to stm32g4xx_hal_adc.o(i.HAL_ADC_ConfigChannel) for HAL_ADC_ConfigChannel
    adc.o(i.MX_ADC3_Init) refers to adc.o(.bss) for hadc3
    adc.o(i.ProcessADC) refers to stm32g4xx_hal_adc.o(i.HAL_ADC_Start) for HAL_ADC_Start
    adc.o(i.ProcessADC) refers to stm32g4xx_hal_adc.o(i.HAL_ADC_PollForConversion) for HAL_ADC_PollForConversion
    adc.o(i.ProcessADC) refers to stm32g4xx_hal_adc.o(i.HAL_ADC_GetValue) for HAL_ADC_GetValue
    adc.o(i.ProcessADC) refers to dfltui.o(.text) for __aeabi_ui2d
    adc.o(i.ProcessADC) refers to dmul.o(.text) for __aeabi_dmul
    adc.o(i.ProcessADC) refers to ddiv.o(.text) for __aeabi_ddiv
    adc.o(i.ProcessADC) refers to d2f.o(.text) for __aeabi_d2f
    adc.o(i.ProcessADC) refers to f2d.o(.text) for __aeabi_f2d
    adc.o(i.ProcessADC) refers to cdrcmple.o(.text) for __aeabi_cdrcmple
    adc.o(i.ProcessADC) refers to dadd.o(.text) for __aeabi_dsub
    adc.o(i.ProcessADC) refers to dfixui.o(.text) for __aeabi_d2uiz
    adc.o(i.ProcessADC) refers to cdcmple.o(.text) for __aeabi_cdcmple
    adc.o(i.ProcessADC) refers to adc.o(.data) for battery_voltage_struct
    adc.o(i.ProcessADC) refers to adc.o(.bss) for hadc3
    adc.o(i.ProcessADC) refers to main.o(.data) for deviceState
    algorithm.o(i.Acc_algorithm_init) refers to algorithm.o(.data) for bufferIndex
    algorithm.o(i.Acc_algorithm_result) refers to algorithm.o(i.Algorithm_Input) for Algorithm_Input
    algorithm.o(i.Acc_algorithm_result) refers to algorithm.o(i.Acc_algorithm_init) for Acc_algorithm_init
    algorithm.o(i.Acc_algorithm_result) refers to algorithm.o(.data) for algoResult
    algorithm.o(i.Acc_algorithm_result) refers to algorithm.o(.bss) for gyro_y
    algorithm.o(i.Algorithm_Input) refers to algorithm.o(.bss) for gyro_x
    algorithm.o(i.Algorithm_Input) refers to key_scan.o(.data) for global_ctrl_device
    gpio.o(i.MX_GPIO_Init) refers to memseta.o(.text) for __aeabi_memclr4
    gpio.o(i.MX_GPIO_Init) refers to stm32g4xx_hal_gpio.o(i.HAL_GPIO_WritePin) for HAL_GPIO_WritePin
    gpio.o(i.MX_GPIO_Init) refers to stm32g4xx_hal_gpio.o(i.HAL_GPIO_Init) for HAL_GPIO_Init
    gpio.o(i.key_input_exit) refers to memseta.o(.text) for __aeabi_memclr4
    gpio.o(i.key_input_exit) refers to stm32g4xx_hal_gpio.o(i.HAL_GPIO_Init) for HAL_GPIO_Init
    gpio.o(i.key_input_exit) refers to stm32g4xx_hal_cortex.o(i.HAL_NVIC_SetPriority) for HAL_NVIC_SetPriority
    gpio.o(i.key_input_exit) refers to stm32g4xx_hal_cortex.o(i.HAL_NVIC_EnableIRQ) for HAL_NVIC_EnableIRQ
    gpio.o(i.key_input_nomal) refers to memseta.o(.text) for __aeabi_memclr4
    gpio.o(i.key_input_nomal) refers to stm32g4xx_hal_gpio.o(i.HAL_GPIO_Init) for HAL_GPIO_Init
    gpio.o(i.key_input_nomal) refers to stm32g4xx_hal_cortex.o(i.HAL_NVIC_DisableIRQ) for HAL_NVIC_DisableIRQ
    gpio.o(i.key_input_test) refers to memseta.o(.text) for __aeabi_memclr4
    gpio.o(i.key_input_test) refers to stm32g4xx_hal_gpio.o(i.HAL_GPIO_Init) for HAL_GPIO_Init
    icm_20608.o(i.icm20608_accel_scaleget) refers to icm_20608.o(i.icm20608_read_reg) for icm20608_read_reg
    icm_20608.o(i.icm20608_getdata) refers to icm_20608.o(i.icm20608_read_len) for icm20608_read_len
    icm_20608.o(i.icm20608_getdata) refers to icm_20608.o(.bss) for icm20608_dev
    icm_20608.o(i.icm20608_gyro_scaleget) refers to icm_20608.o(i.icm20608_read_reg) for icm20608_read_reg
    icm_20608.o(i.icm20608_init) refers to icm_20608.o(i.icm20608_write_reg) for icm20608_write_reg
    icm_20608.o(i.icm20608_init) refers to stm32g4xx_hal.o(i.HAL_Delay) for HAL_Delay
    icm_20608.o(i.icm20608_init) refers to icm_20608.o(i.icm20608_read_reg) for icm20608_read_reg
    icm_20608.o(i.icm20608_init) refers to printfa.o(i.__0printf) for __2printf
    icm_20608.o(i.icm20608_read_len) refers to stm32g4xx_hal_i2c.o(i.HAL_I2C_Mem_Read) for HAL_I2C_Mem_Read
    icm_20608.o(i.icm20608_read_len) refers to i2c.o(.bss) for hi2c2
    icm_20608.o(i.icm20608_read_reg) refers to stm32g4xx_hal_i2c.o(i.HAL_I2C_Mem_Read) for HAL_I2C_Mem_Read
    icm_20608.o(i.icm20608_read_reg) refers to i2c.o(.bss) for hi2c2
[...]
    HAL_WWDG_MspInit                         0x08005073   Thumb Code     2  stm32g4xx_hal_wwdg.o(i.HAL_WWDG_MspInit)
    HAL_WWDG_Refresh                         0x08005075   Thumb Code    12  stm32g4xx_hal_wwdg.o(i.HAL_WWDG_Refresh)
    HardFault_Handler                        0x08005081   Thumb Code    60  stm32g4xx_it.o(i.HardFault_Handler)
    MX_ADC3_Init                             0x08005579   Thumb Code   122  adc.o(i.MX_ADC3_Init)
    MX_GPIO_Init                             0x08005601   Thumb Code   484  gpio.o(i.MX_GPIO_Init)
    MX_I2C2_DeInit                           0x080057f9   Thumb Code    10  i2c.o(i.MX_I2C2_DeInit)
    MX_I2C2_Init                             0x08005809   Thumb Code    74  i2c.o(i.MX_I2C2_Init)
    MX_I2C3_DeInit                           0x08005861   Thumb Code    10  i2c.o(i.MX_I2C3_DeInit)
    MX_I2C3_Init                             0x08005871   Thumb Code    74  i2c.o(i.MX_I2C3_Init)
    MX_TIM6_Init                             0x080058c9   Thumb Code    98  tim.o(i.MX_TIM6_Init)
    MX_TIM7_Init                             0x08005939   Thumb Code    96  tim.o(i.MX_TIM7_Init)
    MX_USART1_UART_DeInit                    0x080059a5   Thumb Code    10  usart.o(i.MX_USART1_UART_DeInit)
    MX_USART1_UART_Init                      0x080059b5   Thumb Code   114  usart.o(i.MX_USART1_UART_Init)
    MX_USART2_UART_DeInit                    0x08005a31   Thumb Code    10  usart.o(i.MX_USART2_UART_DeInit)
    MX_USART2_UART_Init                      0x08005a41   Thumb Code   114  usart.o(i.MX_USART2_UART_Init)
    MX_USART3_UART_DeInit                    0x08005b0d   Thumb Code    10  usart.o(i.MX_USART3_UART_DeInit)
    MX_USART3_UART_Init                      0x08005b1d   Thumb Code   116  usart.o(i.MX_USART3_UART_Init)
    MX_WWDG_Init                             0x08005b99   Thumb Code    40  wwdg.o(i.MX_WWDG_Init)
    MemManage_Handler                        0x08005bc9   Thumb Code     4  stm32g4xx_it.o(i.MemManage_Handler)
    NMI_Handler                              0x08005bcd   Thumb Code     4  stm32g4xx_it.o(i.NMI_Handler)
    PendSV_Handler                           0x08005bd1   Thumb Code     2  stm32g4xx_it.o(i.PendSV_Handler)
    ProcessADC                               0x08005bd5   Thumb Code   390  adc.o(i.ProcessADC)
    SFLASH_ReadJEDEC_ID                      0x08005e05   Thumb Code    60  zd25wq32c.o(i.SFLASH_ReadJEDEC_ID)
    SFLASH_ReadNByte                         0x08005e41   Thumb Code    82  zd25wq32c.o(i.SFLASH_ReadNByte)
    SPI_Delay                                0x08005e93   Thumb Code    16  zd25wq32c.o(i.SPI_Delay)
    SPI_Initializes                          0x08005ea5   Thumb Code   182  zd25wq32c.o(i.SPI_Initializes)
    SPI_ReadByte                             0x08005f65   Thumb Code    70  zd25wq32c.o(i.SPI_ReadByte)
    SPI_WriteByte                            0x08005fb1   Thumb Code    86  zd25wq32c.o(i.SPI_WriteByte)
    SVC_Handler                              0x0800600d   Thumb Code     2  stm32g4xx_it.o(i.SVC_Handler)
    SysTick_Handler                          0x08006011   Thumb Code    18  stm32g4xx_it.o(i.SysTick_Handler)
    SystemClock_Config                       0x08006029   Thumb Code   110  main.o(i.SystemClock_Config)
    SystemInit                               0x08006097   Thumb Code     2  system_stm32g4xx.o(i.SystemInit)
    TIM6_DAC_IRQHandler                      0x08006099   Thumb Code    10  stm32g4xx_it.o(i.TIM6_DAC_IRQHandler)
    TIM7_IRQHandler                          0x080060a9   Thumb Code    10  stm32g4xx_it.o(i.TIM7_IRQHandler)
    TIM_Base_SetConfig                       0x080060b9   Thumb Code   192  stm32g4xx_hal_tim.o(i.TIM_Base_SetConfig)
    UART_AdvFeatureConfig                    0x080061ed   Thumb Code   248  stm32g4xx_hal_uart.o(i.UART_AdvFeatureConfig)
    UART_CheckIdleState                      0x080062e5   Thumb Code   234  stm32g4xx_hal_uart.o(i.UART_CheckIdleState)
    UART_SetConfig                           0x08006b85   Thumb Code   922  stm32g4xx_hal_uart.o(i.UART_SetConfig)
    UART_Start_Receive_IT                    0x08006f4d   Thumb Code   332  stm32g4xx_hal_uart.o(i.UART_Start_Receive_IT)
    UART_WaitOnFlagUntilTimeout              0x080070a9   Thumb Code   172  stm32g4xx_hal_uart.o(i.UART_WaitOnFlagUntilTimeout)
    USART1_IRQHandler                        0x08007155   Thumb Code    10  stm32g4xx_it.o(i.USART1_IRQHandler)
    USART3_IRQHandler                        0x08007165   Thumb Code    14  stm32g4xx_it.o(i.USART3_IRQHandler)
    UsageFault_Handler                       0x08007179   Thumb Code     4  stm32g4xx_it.o(i.UsageFault_Handler)
    VL53L0X_CheckAndLoadInterruptSettings    0x0800717d   Thumb Code   126  vl53l0x_api.o(i.VL53L0X_CheckAndLoadInterruptSettings)
    VL53L0X_ClearInterruptMask               0x08007201   Thumb Code    82  vl53l0x_api.o(i.VL53L0X_ClearInterruptMask)
    VL53L0X_DataInit                         0x08007255   Thumb Code   420  vl53l0x_api.o(i.VL53L0X_DataInit)
    VL53L0X_GetDeviceInfo                    0x08007401   Thumb Code    22  vl53l0x_api.o(i.VL53L0X_GetDeviceInfo)
    VL53L0X_GetDeviceMode                    0x08007417   Thumb Code    10  vl53l0x_api.o(i.VL53L0X_GetDeviceMode)
    VL53L0X_GetDeviceParameters              0x08007421   Thumb Code   160  vl53l0x_api.o(i.VL53L0X_GetDeviceParameters)
    VL53L0X_GetFractionEnable                0x080074c1   Thumb Code    34  vl53l0x_api.o(i.VL53L0X_GetFractionEnable)
    VL53L0X_GetInterMeasurementPeriodMilliSeconds 0x080074e3   Thumb Code    62  vl53l0x_api.o(i.VL53L0X_GetInterMeasurementPeriodMilliSeconds)
    VL53L0X_GetInterruptMaskStatus           0x08007521   Thumb Code    48  vl53l0x_api.o(i.VL53L0X_GetInterruptMaskStatus)
    VL53L0X_GetInterruptThresholds           0x08007551   Thumb Code    66  vl53l0x_api.o(i.VL53L0X_GetInterruptThresholds)
    VL53L0X_GetLimitCheckEnable              0x08007593   Thumb Code    28  vl53l0x_api.o(i.VL53L0X_GetLimitCheckEnable)
    VL53L0X_GetLimitCheckValue               0x080075af   Thumb Code   182  vl53l0x_api.o(i.VL53L0X_GetLimitCheckValue)
    VL53L0X_GetMeasurementDataReady          0x08007665   Thumb Code    86  vl53l0x_api.o(i.VL53L0X_GetMeasurementDataReady)
    VL53L0X_GetMeasurementTimingBudgetMicroSeconds 0x080076bb   Thumb Code    22  vl53l0x_api.o(i.VL53L0X_GetMeasurementTimingBudgetMicroSeconds)
    VL53L0X_GetOffsetCalibrationDataMicroMeter 0x080076d1   Thumb Code    22  vl53l0x_api.o(i.VL53L0X_GetOffsetCalibrationDataMicroMeter)
    VL53L0X_GetPalErrorString                0x080076e7   Thumb Code    22  vl53l0x_api.o(i.VL53L0X_GetPalErrorString)
    VL53L0X_GetRangeStatusString             0x080076fd   Thumb Code    22  vl53l0x_api.o(i.VL53L0X_GetRangeStatusString)
    VL53L0X_GetRangingMeasurementData        0x08007713   Thumb Code   366  vl53l0x_api.o(i.VL53L0X_GetRangingMeasurementData)
    VL53L0X_GetSequenceStepEnables           0x08007881   Thumb Code   118  vl53l0x_api.o(i.VL53L0X_GetSequenceStepEnables)
    VL53L0X_GetVcselPulsePeriod              0x080078f7   Thumb Code    30  vl53l0x_api.o(i.VL53L0X_GetVcselPulsePeriod)
    VL53L0X_GetWrapAroundCheckEnable         0x08007915   Thumb Code    62  vl53l0x_api.o(i.VL53L0X_GetWrapAroundCheckEnable)
    VL53L0X_GetXTalkCompensationEnable       0x08007953   Thumb Code    12  vl53l0x_api.o(i.VL53L0X_GetXTalkCompensationEnable)
    VL53L0X_GetXTalkCompensationRateMegaCps  0x0800795f   Thumb Code    56  vl53l0x_api.o(i.VL53L0X_GetXTalkCompensationRateMegaCps)
    VL53L0X_PerformRefCalibration            0x08007997   Thumb Code    32  vl53l0x_api.o(i.VL53L0X_PerformRefCalibration)
    VL53L0X_PerformRefSpadManagement         0x080079b7   Thumb Code    30  vl53l0x_api.o(i.VL53L0X_PerformRefSpadManagement)
    VL53L0X_PerformSingleMeasurement         0x080079d5   Thumb Code    60  vl53l0x_api.o(i.VL53L0X_PerformSingleMeasurement)
    VL53L0X_PerformSingleRangingMeasurement  0x08007a11   Thumb Code    56  vl53l0x_api.o(i.VL53L0X_PerformSingleRangingMeasurement)
    VL53L0X_PollingDelay                     0x08007a49   Thumb Code    26  vl53l0x_platform.o(i.VL53L0X_PollingDelay)
    VL53L0X_RdByte                           0x08007a63   Thumb Code    44  vl53l0x_platform.o(i.VL53L0X_RdByte)
    VL53L0X_RdDWord                          0x08007a8f   Thumb Code    44  vl53l0x_platform.o(i.VL53L0X_RdDWord)
    VL53L0X_RdWord                           0x08007abb   Thumb Code    44  vl53l0x_platform.o(i.VL53L0X_RdWord)
    VL53L0X_ReadMulti                        0x08007ae7   Thumb Code    54  vl53l0x_platform.o(i.VL53L0X_ReadMulti)
    VL53L0X_SetDeviceMode                    0x08007b1d   Thumb Code    50  vl53l0x_api.o(i.VL53L0X_SetDeviceMode)
    VL53L0X_SetGpioConfig                    0x08007b4f   Thumb Code   358  vl53l0x_api.o(i.VL53L0X_SetGpioConfig)
    VL53L0X_SetLimitCheckEnable              0x08007cb5   Thumb Code   194  vl53l0x_api.o(i.VL53L0X_SetLimitCheckEnable)
    VL53L0X_SetLimitCheckValue               0x08007d77   Thumb Code   118  vl53l0x_api.o(i.VL53L0X_SetLimitCheckValue)
    VL53L0X_SetMeasurementTimingBudgetMicroSeconds 0x08007ded   Thumb Code    22  vl53l0x_api.o(i.VL53L0X_SetMeasurementTimingBudgetMicroSeconds)
    VL53L0X_SetOffsetCalibrationDataMicroMeter 0x08007e03   Thumb Code    22  vl53l0x_api.o(i.VL53L0X_SetOffsetCalibrationDataMicroMeter)
    VL53L0X_SetRefCalibration                0x08007e19   Thumb Code    30  vl53l0x_api.o(i.VL53L0X_SetRefCalibration)
    VL53L0X_SetReferenceSpads                0x08007e37   Thumb Code    30  vl53l0x_api.o(i.VL53L0X_SetReferenceSpads)
    VL53L0X_SetSequenceStepEnable            0x08007e55   Thumb Code   196  vl53l0x_api.o(i.VL53L0X_SetSequenceStepEnable)
    VL53L0X_SetVcselPulsePeriod              0x08007f19   Thumb Code    30  vl53l0x_api.o(i.VL53L0X_SetVcselPulsePeriod)
    VL53L0X_SetXTalkCompensationRateMegaCps  0x08007f37   Thumb Code    64  vl53l0x_api.o(i.VL53L0X_SetXTalkCompensationRateMegaCps)
    VL53L0X_StartMeasurement                 0x08007f77   Thumb Code   268  vl53l0x_api.o(i.VL53L0X_StartMeasurement)
    VL53L0X_StaticInit                       0x08008085   Thumb Code   410  vl53l0x_api.o(i.VL53L0X_StaticInit)
    VL53L0X_UpdateByte                       0x08008225   Thumb Code    82  vl53l0x_platform.o(i.VL53L0X_UpdateByte)
    VL53L0X_WrByte                           0x08008277   Thumb Code    44  vl53l0x_platform.o(i.VL53L0X_WrByte)
    VL53L0X_WrWord                           0x080082a3   Thumb Code    44  vl53l0x_platform.o(i.VL53L0X_WrWord)
    VL53L0X_WriteMulti                       0x080082cf   Thumb Code    60  vl53l0x_platform.o(i.VL53L0X_WriteMulti)
    VL53L0X_calc_dmax                        0x0800830d   Thumb Code   390  vl53l0x_api_core.o(i.VL53L0X_calc_dmax)
    VL53L0X_calc_macro_period_ps             0x08008499   Thumb Code    22  vl53l0x_api_core.o(i.VL53L0X_calc_macro_period_ps)
    VL53L0X_calc_sigma_estimate              0x080084b1   Thumb Code   772  vl53l0x_api_core.o(i.VL53L0X_calc_sigma_estimate)
    VL53L0X_calc_timeout_mclks               0x080087c1   Thumb Code    52  vl53l0x_api_core.o(i.VL53L0X_calc_timeout_mclks)
    VL53L0X_calc_timeout_us                  0x080087f5   Thumb Code    52  vl53l0x_api_core.o(i.VL53L0X_calc_timeout_us)
    VL53L0X_check_part_used                  0x08008829   Thumb Code    74  vl53l0x_api_strings.o(i.VL53L0X_check_part_used)
    VL53L0X_decode_timeout                   0x08008879   Thumb Code    14  vl53l0x_api_core.o(i.VL53L0X_decode_timeout)
    VL53L0X_decode_vcsel_period              0x08008887   Thumb Code    12  vl53l0x_api_core.o(i.VL53L0X_decode_vcsel_period)
    VL53L0X_device_read_strobe               0x08008893   Thumb Code    82  vl53l0x_api_core.o(i.VL53L0X_device_read_strobe)
    VL53L0X_encode_timeout                   0x080088e5   Thumb Code    40  vl53l0x_api_core.o(i.VL53L0X_encode_timeout)
    VL53L0X_encode_vcsel_period              0x0800890d   Thumb Code    14  vl53l0x_api_core.o(i.VL53L0X_encode_vcsel_period)
    VL53L0X_get_device_info                  0x0800891d   Thumb Code   152  vl53l0x_api_strings.o(i.VL53L0X_get_device_info)
    VL53L0X_get_info_from_device             0x080089f9   Thumb Code  1354  vl53l0x_api_core.o(i.VL53L0X_get_info_from_device)
    VL53L0X_get_measurement_timing_budget_micro_seconds 0x08008f43   Thumb Code   238  vl53l0x_api_core.o(i.VL53L0X_get_measurement_timing_budget_micro_seconds)
    VL53L0X_get_offset_calibration_data_micro_meter 0x08009031   Thumb Code    86  vl53l0x_api_calibration.o(i.VL53L0X_get_offset_calibration_data_micro_meter)
    VL53L0X_get_pal_error_string             0x08009089   Thumb Code   298  vl53l0x_api_strings.o(i.VL53L0X_get_pal_error_string)
    VL53L0X_get_pal_range_status             0x08009355   Thumb Code   564  vl53l0x_api_core.o(i.VL53L0X_get_pal_range_status)
    VL53L0X_get_range_status_string          0x08009589   Thumb Code    98  vl53l0x_api_strings.o(i.VL53L0X_get_range_status_string)
    VL53L0X_get_total_signal_rate            0x0800965d   Thumb Code    40  vl53l0x_api_core.o(i.VL53L0X_get_total_signal_rate)
    VL53L0X_get_total_xtalk_rate             0x08009685   Thumb Code    58  vl53l0x_api_core.o(i.VL53L0X_get_total_xtalk_rate)
    VL53L0X_get_vcsel_pulse_period           0x080096bf   Thumb Code    70  vl53l0x_api_core.o(i.VL53L0X_get_vcsel_pulse_period)
    VL53L0X_isqrt                            0x08009705   Thumb Code    44  vl53l0x_api_core.o(i.VL53L0X_isqrt)
    VL53L0X_load_tuning_settings             0x08009731   Thumb Code   234  vl53l0x_api_core.o(i.VL53L0X_load_tuning_settings)
    VL53L0X_measurement_poll_for_completion  0x0800981b   Thumb Code    66  vl53l0x_api_core.o(i.VL53L0X_measurement_poll_for_completion)
    VL53L0X_perform_phase_calibration        0x0800985d   Thumb Code   124  vl53l0x_api_calibration.o(i.VL53L0X_perform_phase_calibration)
    VL53L0X_perform_ref_calibration          0x080098d9   Thumb Code    76  vl53l0x_api_calibration.o(i.VL53L0X_perform_ref_calibration)
    VL53L0X_perform_ref_spad_management      0x08009925   Thumb Code   658  vl53l0x_api_calibration.o(i.VL53L0X_perform_ref_spad_management)
    VL53L0X_perform_single_ref_calibration   0x08009bb7   Thumb Code    64  vl53l0x_api_calibration.o(i.VL53L0X_perform_single_ref_calibration)
    VL53L0X_perform_vhv_calibration          0x08009bf7   Thumb Code   126  vl53l0x_api_calibration.o(i.VL53L0X_perform_vhv_calibration)
    VL53L0X_read_byte                        0x08009c75   Thumb Code    38  vl53l0x_i2c.o(i.VL53L0X_read_byte)
    VL53L0X_read_dword                       0x08009ca1   Thumb Code    76  vl53l0x_i2c.o(i.VL53L0X_read_dword)
    VL53L0X_read_multi                       0x08009cf1   Thumb Code    42  vl53l0x_i2c.o(i.VL53L0X_read_multi)
    VL53L0X_read_word                        0x08009d21   Thumb Code    60  vl53l0x_i2c.o(i.VL53L0X_read_word)
    VL53L0X_ref_calibration_io               0x08009d61   Thumb Code   176  vl53l0x_api_calibration.o(i.VL53L0X_ref_calibration_io)
    VL53L0X_set_measurement_timing_budget_micro_seconds 0x08009e11   Thumb Code   294  vl53l0x_api_core.o(i.VL53L0X_set_measurement_timing_budget_micro_seconds)
    VL53L0X_set_offset_calibration_data_micro_meter 0x08009f39   Thumb Code    74  vl53l0x_api_calibration.o(i.VL53L0X_set_offset_calibration_data_micro_meter)
    VL53L0X_set_ref_calibration              0x08009f8d   Thumb Code    46  vl53l0x_api_calibration.o(i.VL53L0X_set_ref_calibration)
    VL53L0X_set_reference_spads              0x08009fbb   Thumb Code   194  vl53l0x_api_calibration.o(i.VL53L0X_set_reference_spads)
    VL53L0X_set_vcsel_pulse_period           0x0800a07d   Thumb Code   766  vl53l0x_api_core.o(i.VL53L0X_set_vcsel_pulse_period)
    VL53L0X_write_byte                       0x0800a37d   Thumb Code    40  vl53l0x_i2c.o(i.VL53L0X_write_byte)
    VL53L0X_write_multi                      0x0800a3a9   Thumb Code    40  vl53l0x_i2c.o(i.VL53L0X_write_multi)
    VL53L0X_write_word                       0x0800a3d5   Thumb Code    56  vl53l0x_i2c.o(i.VL53L0X_write_word)
    __0printf                                0x0800a411   Thumb Code    22  printfa.o(i.__0printf)
    __1printf                                0x0800a411   Thumb Code     0  printfa.o(i.__0printf)
    __2printf                                0x0800a411   Thumb Code     0  printfa.o(i.__0printf)
    __c89printf                              0x0800a411   Thumb Code     0  printfa.o(i.__0printf)
    printf                                   0x0800a411   Thumb Code     0  printfa.o(i.__0printf)
    __scatterload_copy                       0x0800a4a9   Thumb Code    14  handlers.o(i.__scatterload_copy)
    __scatterload_null                       0x0800a4b7   Thumb Code     2  handlers.o(i.__scatterload_null)
    __scatterload_zeroinit                   0x0800a4b9   Thumb Code    14  handlers.o(i.__scatterload_zeroinit)
    arr_comper                               0x0800ad53   Thumb Code    40  td5322a.o(i.arr_comper)
    ble_low_power_task                       0x0800ad7d   Thumb Code   396  work_drive.o(i.ble_low_power_task)
    ble_make_result                          0x0800af95   Thumb Code   310  work_drive.o(i.ble_make_result)
    ble_send_cmd                             0x0800b0ed   Thumb Code    92  work_drive.o(i.ble_send_cmd)
    buffer_eeg_raw_deal                      0x0800b151   Thumb Code   126  work_drive.o(i.buffer_eeg_raw_deal)
    calculate_lux_int                        0x0800b1dd   Thumb Code    24  opt3001.o(i.calculate_lux_int)
    device_data_down                         0x0800b1f5   Thumb Code    18  work_drive.o(i.device_data_down)
    device_data_none                         0x0800b20d   Thumb Code    18  work_drive.o(i.device_data_none)
    device_data_pitch                        0x0800b225   Thumb Code    38  work_drive.o(i.device_data_pitch)
    device_data_roll                         0x0800b251   Thumb Code    38  work_drive.o(i.device_data_roll)
    device_data_send_new                     0x0800b27d   Thumb Code   132  work_drive.o(i.device_data_send_new)
    device_data_up                           0x0800b305   Thumb Code    18  work_drive.o(i.device_data_up)
    eeg_make_result                          0x0800b31d   Thumb Code   120  work_drive.o(i.eeg_make_result)
    eeg_uart_to_td5322a                      0x0800b3b1   Thumb Code    70  td5322a.o(i.eeg_uart_to_td5322a)
    enable_ref_spads                         0x0800b461   Thumb Code   172  vl53l0x_api_calibration.o(i.enable_ref_spads)
    enable_spad_bit                          0x0800b50d   Thumb Code    50  vl53l0x_api_calibration.o(i.enable_spad_bit)
    fputc                                    0x0800b541   Thumb Code    22  usart.o(i.fputc)
    get_next_good_spad                       0x0800b55d   Thumb Code   104  vl53l0x_api_calibration.o(i.get_next_good_spad)
    get_ref_spad_map                         0x0800b5c5   Thumb Code    24  vl53l0x_api_calibration.o(i.get_ref_spad_map)
    get_sequence_step_timeout                0x0800b5dd   Thumb Code   290  vl53l0x_api_core.o(i.get_sequence_step_timeout)
    icm20608_getdata                         0x0800b701   Thumb Code   140  icm_20608.o(i.icm20608_getdata)
    icm20608_init                            0x0800b791   Thumb Code   136  icm_20608.o(i.icm20608_init)
    icm20608_read_len                        0x0800b82d   Thumb Code    30  icm_20608.o(i.icm20608_read_len)
    icm20608_read_reg                        0x0800b851   Thumb Code    36  icm_20608.o(i.icm20608_read_reg)
    icm20608_write_reg                       0x0800b879   Thumb Code    34  icm_20608.o(i.icm20608_write_reg)
    icm_20608_sleep                          0x0800b8a1   Thumb Code    18  icm_20608.o(i.icm_20608_sleep)
    is_aperture                              0x0800b8b5   Thumb Code    18  vl53l0x_api_calibration.o(i.is_aperture)
    key_input_exit                           0x0800b929   Thumb Code    84  gpio.o(i.key_input_exit)
    key_input_nomal                          0x0800b985   Thumb Code    74  gpio.o(i.key_input_nomal)
    key_input_test                           0x0800b9d9   Thumb Code    68  gpio.o(i.key_input_test)
    key_scan_task                            0x0800ba25   Thumb Code   872  key_scan.o(i.key_scan_task)
    main                                     0x0800bded   Thumb Code   442  main.o(i.main)
    mcu_uart_to_td5322a                      0x0800c041   Thumb Code    24  td5322a.o(i.mcu_uart_to_td5322a)
    mode_string                              0x0800c05d   Thumb Code    66  vl53l0x.o(i.mode_string)
    opt3001_init                             0x0800c0d1   Thumb Code    40  opt3001.o(i.opt3001_init)
    opt3001_readdata                         0x0800c105   Thumb Code    54  opt3001.o(i.opt3001_readdata)
    opt3001_shutdown                         0x0800c145   Thumb Code    14  opt3001.o(i.opt3001_shutdown)
    opt3001_writedata                        0x0800c155   Thumb Code    48  opt3001.o(i.opt3001_writedata)
    ota_command_process                      0x0800c18d   Thumb Code   380  stm32_ota.o(i.ota_command_process)
    parse_SW_data                            0x0800c389   Thumb Code   194  work_drive.o(i.parse_SW_data)
    perform_ref_signal_measurement           0x0800c461   Thumb Code   110  vl53l0x_api_calibration.o(i.perform_ref_signal_measurement)
    print_pal_error                          0x0800c4d1   Thumb Code    28  vl53l0x.o(i.print_pal_error)
    sequence_step_enabled                    0x0800c505   Thumb Code    72  vl53l0x_api.o(i.sequence_step_enabled)
    set_ref_spad_map                         0x0800c54d   Thumb Code    24  vl53l0x_api_calibration.o(i.set_ref_spad_map)
    set_sequence_step_timeout                0x0800c565   Thumb Code   306  vl53l0x_api_core.o(i.set_sequence_step_timeout)
    td5322a_task                             0x0800c699   Thumb Code   898  td5322a.o(i.td5322a_task)
    td5322a_uart_to_bel_command              0x0800cb8d   Thumb Code    22  td5322a.o(i.td5322a_uart_to_bel_command)
    vl53l0x_general_start                    0x0800cba5   Thumb Code    58  vl53l0x_gen.o(i.vl53l0x_general_start)
    vl53l0x_init                             0x0800cbf9   Thumb Code   124  vl53l0x.o(i.vl53l0x_init)
    vl53l0x_reset                            0x0800cc7d   Thumb Code    52  vl53l0x.o(i.vl53l0x_reset)
    vl53l0x_set_mode                         0x0800ccb1   Thumb Code   400  vl53l0x_gen.o(i.vl53l0x_set_mode)
    vl53l0x_start_single_test                0x0800ce4d   Thumb Code    58  vl53l0x_gen.o(i.vl53l0x_start_single_test)
    work_task                                0x0800ce8d   Thumb Code  2050  work_drive.o(i.work_task)
    wwdg_task                                0x0800d6e9   Thumb Code    18  wwdg.o(i.wwdg_task)
    PARSER_SYNC_BYTE                         0x0800d700   Data           1  work_drive.o(.constdata)
    PARSER_SYNC2_BYTE                        0x0800d701   Data           1  work_drive.o(.constdata)
    hex2char                                 0x0800d702   Data          16  work_drive.o(.constdata)
    command_td5322a_save_data_reset          0x0800d9c8   Data          11  td5322a.o(.constdata)
    command_td5322a_save_data_resetore       0x0800d9d3   Data          13  td5322a.o(.constdata)
    command_td5322a_test_ok                  0x0800d9e0   Data           5  td5322a.o(.constdata)
    command_td5322a_check_version            0x0800d9e5   Data           9  td5322a.o(.constdata)
    command_td5322a_check_mac                0x0800d9ee   Data          12  td5322a.o(.constdata)
    command_td5322a_check_baud               0x0800d9fa   Data          10  td5322a.o(.constdata)
    command_td5322a_check_uuid               0x0800da04   Data          10  td5322a.o(.constdata)
    command_td5322a_check_role               0x0800da0e   Data          10  td5322a.o(.constdata)
    command_td5322a_read_ufo_ble_name        0x0800da18   Data          15  td5322a.o(.constdata)
    command_td5322a_set_baud                 0x0800da27   Data          16  td5322a.o(.constdata)
    command_td5322a_set_bel_name             0x0800da37   Data          28  td5322a.o(.constdata)
    command_td5322a_set_bel_central_role     0x0800da53   Data          12  td5322a.o(.constdata)
    command_td5322a_set_bel_peripheral_role  0x0800da5f   Data          12  td5322a.o(.constdata)
    command_td5322a_set_bel_central_role_scan 0x0800da6b   Data          12  td5322a.o(.constdata)
    command_td5322a_ble_central_role_connect_name 0x0800da77   Data          14  td5322a.o(.constdata)
    command_td5322a_ble_central_role_mac     0x0800da85   Data          15  td5322a.o(.constdata)
    command_td5322a_central_role_con_success 0x0800da94   Data          13  td5322a.o(.constdata)
    command_td5322a_central_role_disconn_success 0x0800daa1   Data          13  td5322a.o(.constdata)
    command_td5322a_peripheral_role_con_success 0x0800daae   Data          12  td5322a.o(.constdata)
    command_td5322a_central_role_notify_success 0x0800daba   Data          19  td5322a.o(.constdata)
    command_td5322a_bel_central_role_disconnect_channle_change 0x0800dacd   Data           7  td5322a.o(.constdata)
    command_td5322a_bel_central_role_disconnect 0x0800dad4   Data          12  td5322a.o(.constdata)
    command_td5322a_connect_ok               0x0800dae0   Data          10  td5322a.o(.constdata)
    command_td5322a_ble_central_role_ok      0x0800daea   Data          12  td5322a.o(.constdata)
    command_td5322a_ble_peripheral_role_ok   0x0800daf6   Data          19  td5322a.o(.constdata)
    command_td5322a_ble_ok                   0x0800db09   Data           7  td5322a.o(.constdata)
    command_td5322a_test_return_ok           0x0800db10   Data           7  td5322a.o(.constdata)
    command_td5322a_UFO_return_message       0x0800db17   Data          12  td5322a.o(.constdata)
    command_td5322a_ble_conn                 0x0800db23   Data           9  stm32_ota.o(.constdata)
    command_td5322a_ble_notify_en            0x0800db2c   Data          10  stm32_ota.o(.constdata)
    command_td5322a_ble_discon               0x0800db36   Data          11  stm32_ota.o(.constdata)
    UARTPrescTable                           0x0800db42   Data          24  stm32g4xx_hal_uart.o(.constdata)
    AHBPrescTable                            0x0800db6a   Data          16  system_stm32g4xx.o(.constdata)
    APBPrescTable                            0x0800db7a   Data           8  system_stm32g4xx.o(.constdata)
    Region$$Table$$Base                      0x0800db9c   Number         0  anon$$obj.o(Region$$Table)
    Region$$Table$$Limit                     0x0800dbbc   Number         0  anon$$obj.o(Region$$Table)
    battery_voltage_struct                   0x20000000   Data          12  adc.o(.data)
    bufferIndex                              0x2000000e   Data           1  algorithm.o(.data)
    bufferIndex_x                            0x2000000f   Data           1  algorithm.o(.data)
    bufferIndex_z                            0x20000010   Data           1  algorithm.o(.data)
    algoResult                               0x20000011   Data           1  algorithm.o(.data)
    Result_Algo                              0x20000014   Data           1  work_drive.o(.data)
    Result_Algo_old                          0x20000015   Data           1  work_drive.o(.data)
    Result_Attention                         0x20000016   Data           1  work_drive.o(.data)
    Result_data_old                          0x20000017   Data           1  work_drive.o(.data)
    Result_data_new                          0x20000018   Data           1  work_drive.o(.data)
    fly_counter                              0x20000019   Data           1  work_drive.o(.data)
    Flag_Fly                                 0x2000001a   Data           1  work_drive.o(.data)
    flag_ble                                 0x2000001b   Data           1  work_drive.o(.data)
    flag_change                              0x2000001c   Data           1  work_drive.o(.data)
    flag_count_temp                          0x20000020   Data           4  work_drive.o(.data)
    flag_res_rx                              0x20000024   Data           1  work_drive.o(.data)
    flag_count_continue                      0x20000025   Data           1  work_drive.o(.data)
    flag_res_eeg                             0x20000026   Data           1  work_drive.o(.data)
    flag_1ms                                 0x20000027   Data           1  work_drive.o(.data)
    flag_userTime                            0x20000028   Data           1  work_drive.o(.data)
    flag_3ms                                 0x2000002c   Data           4  work_drive.o(.data)
    flag_timeStart                           0x20000030   Data           1  work_drive.o(.data)
    flag_userTime_2                          0x20000031   Data           1  work_drive.o(.data)
    flag_timeStart_2                         0x20000032   Data           1  work_drive.o(.data)
    flag_roll_change                         0x20000033   Data           1  work_drive.o(.data)
    rawLux                                   0x20000034   Data           2  work_drive.o(.data)
    runState                                 0x20000036   Data           1  work_drive.o(.data)
    runStateOld                              0x20000037   Data           1  work_drive.o(.data)
    leftCount                                0x20000038   Data           1  work_drive.o(.data)
    time_temp                                0x20000039   Data           1  work_drive.o(.data)
    parseState                               0x2000003a   Data           1  work_drive.o(.data)
    payloadLength                            0x2000003b   Data           1  work_drive.o(.data)
    payloadSum                               0x2000003c   Data           4  work_drive.o(.data)
    payloadSumByte                           0x20000040   Data           1  work_drive.o(.data)
    payloadReceivedLength                    0x20000041   Data           1  work_drive.o(.data)
    resFlag                                  0x20000042   Data           1  work_drive.o(.data)
    receive_buffer_size                      0x20000044   Data           2  work_drive.o(.data)
    receive_buffer2_size                     0x20000046   Data           1  work_drive.o(.data)
    resFlag2                                 0x20000047   Data           1  work_drive.o(.data)
    protocolCmd                              0x20000048   Data           1  work_drive.o(.data)
    count10ms                                0x2000004a   Data           2  work_drive.o(.data)
    ble_chanel                               0x2000004c   Data           1  work_drive.o(.data)
    global_ctrl_device                       0x20000064   Data          48  key_scan.o(.data)
    coef                                     0x200000a0   Data          48  opt3001.o(.data)
    AjustOK                                  0x200000d0   Data           1  vl53l0x.o(.data)
    Mode_data                                0x200000d1   Data          56  vl53l0x.o(.data)
    Distance_data                            0x2000010a   Data           2  vl53l0x_gen.o(.data)
    td5322a_struct                           0x2000010c   Data          28  td5322a.o(.data)
    command_td5322a_ble_central_role_connect_mac 0x20000128   Data          23  td5322a.o(.data)
    command_td5322a_connect_mac_address      0x2000013f   Data           6  td5322a.o(.data)
    td5322a_parser                           0x20000148   Data          12  td5322a.o(.data)
    flg                                      0x20000160   Data           1  main.o(.data)
    deviceState                              0x20000161   Data           1  main.o(.data)
    keyState                                 0x20000162   Data           1  main.o(.data)
    Flash_Buffer                             0x20000168   Data          80  main.o(.data)
    BUILD_DATE                               0x200001b8   Data           4  main.o(.data)
    BUILD_TIME                               0x200001bc   Data           4  main.o(.data)
    flag_key_3ms                             0x200001c4   Data           2  stm32g4xx_it.o(.data)
    flag_key_timeStart                       0x200001c6   Data           1  stm32g4xx_it.o(.data)
    timeCount2                               0x200001c8   Data           2  stm32g4xx_it.o(.data)
    timeCount                                0x200001ca   Data           2  stm32g4xx_it.o(.data)
    tick_3ms                                 0x200001cc   Data           4  stm32g4xx_it.o(.data)
    uwTick                                   0x200001d8   Data           4  stm32g4xx_hal.o(.data)
    uwTickPrio                               0x200001dc   Data           4  stm32g4xx_hal.o(.data)
    uwTickFreq                               0x200001e0   Data           4  stm32g4xx_hal.o(.data)
    SystemCoreClock                          0x200001e4   Data           4  system_stm32g4xx.o(.data)
    DefaultTuningSettings                    0x200001e8   Data         243  vl53l0x_api.o(.data)
    InterruptThresholdSettings               0x200002db   Data         438  vl53l0x_api.o(.data)
    refArrayQuadrants                        0x20000494   Data          16  vl53l0x_api_calibration.o(.data)
    __stdout                                 0x200004a4   Data           4  stdout.o(.data)
    ADC_T                                    0x200004a8   Data          20  adc.o(.bss)
    hadc3                                    0x200004bc   Data         108  adc.o(.bss)
    gyro_y                                   0x20000528   Data         200  algorithm.o(.bss)
    gyro_x                                   0x200005f0   Data         200  algorithm.o(.bss)
    gyro_z                                   0x200006b8   Data         200  algorithm.o(.bss)
    icm20608_dev                             0x20000780   Data          56  icm_20608.o(.bss)
    htim6                                    0x200007b8   Data          76  tim.o(.bss)
    htim7                                    0x20000804   Data          76  tim.o(.bss)
    time_struct                              0x20000850   Data          12  tim.o(.bss)
    huart1                                   0x2000085c   Data         148  usart.o(.bss)
    huart2                                   0x200008f0   Data         148  usart.o(.bss)
    huart3                                   0x20000984   Data         148  usart.o(.bss)
    hdma_usart3_tx                           0x20000a18   Data          96  usart.o(.bss)
    hdma_usart3_rx                           0x20000a78   Data          96  usart.o(.bss)
    uart3_receiveBuffer                      0x20000ad8   Data         512  usart.o(.bss)
    uart_receiveBuffer                       0x20000cd8   Data         512  usart.o(.bss)
    BUFFER_RECEIVED                          0x200012d9   Data          36  work_drive.o(.bss)
    BUFFER2_RECEIVED                         0x200012fd   Data          64  work_drive.o(.bss)
    receiveBuffer                            0x2000133d   Data          36  work_drive.o(.bss)
    receiveBufferTem                         0x20001361   Data          36  work_drive.o(.bss)
    receiveBuffer2                           0x20001385   Data          36  work_drive.o(.bss)
    receiveBuffer2Tem                        0x200013a9   Data          36  work_drive.o(.bss)
    BUFFER_SEND                              0x200013cd   Data          70  work_drive.o(.bss)
    BUFFER_SEND_ACC                          0x20001413   Data          18  work_drive.o(.bss)
    RF_DATA                                  0x20001425   Data          64  work_drive.o(.bss)
    send_data_buffer_bel                     0x20001465   Data        1024  work_drive.o(.bss)
    hwwdg                                    0x20001ccc   Data          20  wwdg.o(.bss)
    hi2c2                                    0x20001ce0   Data          84  i2c.o(.bss)
    hi2c3                                    0x20001d34   Data          84  i2c.o(.bss)
    vl53l0x_dev                              0x20001d88   Data         352  vl53l0x.o(.bss)
    vl53l0x_dev_info                         0x20001ee8   Data          99  vl53l0x.o(.bss)
    Vl53l0x_adjust                           0x20001f4b   Data          24  vl53l0x_cali.o(.bss)
    Vl53l0x_data                             0x20001f63   Data          24  vl53l0x_cali.o(.bss)
    vl53l0x_data                             0x20001f7c   Data          28  vl53l0x_gen.o(.bss)
    td5322a_uart_receive_buf                 0x20001fb8   Data        1024  td5322a.o(.bss)
    ble_uart_rx_msg                          0x200023b8   Data        1031  stm32_ota.o(.bss)
    __initial_sp                             0x20002bc0   Data           0  startup_stm32g491xx.o(STACK)



==============================================================================

Memory Map of the image

  Image Entry point : 0x080001d9

  Load Region LR_IROM1 (Base: 0x08000000, Size: 0x0000e064, Max: 0x00010000, ABSOLUTE, COMPRESSED[0x0000df1c])

    Execution Region ER_IROM1 (Exec base: 0x08000000, Load base: 0x08000000, Size: 0x0000dbbc, Max: 0x00010000, ABSOLUTE)

    Exec Addr    Load Addr    Size         Type   Attr      Idx    E Section Name        Object

    0x08000000   0x08000000   0x000001d8   Data   RO         1966    RESET               startup_stm32g491xx.o
    0x080001d8   0x080001d8   0x00000000   Code   RO         8473  * .ARM.Collect$$$$00000000  mc_w.l(entry.o)
    0x080001d8   0x080001d8   0x00000004   Code   RO         8806    .ARM.Collect$$$$00000001  mc_w.l(entry2.o)
    0x080001dc   0x080001dc   0x00000004   Code   RO         8809    .ARM.Collect$$$$00000004  mc_w.l(entry5.o)
    0x080001e0   0x080001e0   0x00000000   Code   RO         8811    .ARM.Collect$$$$00000008  mc_w.l(entry7b.o)
    0x080001e0   0x080001e0   0x00000000   Code   RO         8813    .ARM.Collect$$$$0000000A  mc_w.l(entry8b.o)
    0x080001e0   0x080001e0   0x00000008   Code   RO         8814    .ARM.Collect$$$$0000000B  mc_w.l(entry9a.o)
    0x080001e8   0x080001e8   0x00000004   Code   RO         8821    .ARM.Collect$$$$0000000E  mc_w.l(entry12b.o)
    0x080001ec   0x080001ec   0x00000000   Code   RO         8816    .ARM.Collect$$$$0000000F  mc_w.l(entry10a.o)
    0x080001ec   0x080001ec   0x00000000   Code   RO         8818    .ARM.Collect$$$$00000011  mc_w.l(entry11a.o)
    0x080001ec   0x080001ec   0x00000004   Code   RO         8807    .ARM.Collect$$$$00002712  mc_w.l(entry2.o)
    0x080001f0   0x080001f0   0x00000024   Code   RO         1967    .text               startup_stm32g491xx.o
    0x08000214   0x08000214   0x00000062   Code   RO         8476    .text               mc_w.l(uldiv.o)
    0x08000276   0x08000276   0x00000024   Code   RO         8478    .text               mc_w.l(memcpya.o)
    0x0800029a   0x0800029a   0x00000024   Code   RO         8480    .text               mc_w.l(memseta.o)
    0x080002be   0x080002be   0x00000024   Code   RO         8482    .text               mc_w.l(strstr.o)
    0x080002e2   0x080002e2   0x0000000e   Code   RO         8484    .text               mc_w.l(strlen.o)
    0x080002f0   0x080002f0   0x00000012   Code   RO         8486    .text               mc_w.l(strcpy.o)
    0x08000302   0x08000302   0x0000014e   Code   RO         8753    .text               mf_w.l(dadd.o)
    0x08000450   0x08000450   0x000000e4   Code   RO         8755    .text               mf_w.l(dmul.o)
    0x08000534   0x08000534   0x000000de   Code   RO         8757    .text               mf_w.l(ddiv.o)
    0x08000612   0x08000612   0x0000001a   Code   RO         8763    .text               mf_w.l(dfltui.o)
    0x0800062c   0x0800062c   0x00000032   Code   RO         8769    .text               mf_w.l(dfixui.o)
    0x0800065e   0x0800065e   0x00000026   Code   RO         8771    .text               mf_w.l(f2d.o)
    0x08000684   0x08000684   0x00000030   Code   RO         8773    .text               mf_w.l(cdcmple.o)
    0x080006b4   0x080006b4   0x00000030   Code   RO         8775    .text               mf_w.l(cdrcmple.o)
    0x080006e4   0x080006e4   0x00000038   Code   RO         8777    .text               mf_w.l(d2f.o)
    0x0800071c   0x0800071c   0x0000002c   Code   RO         8823    .text               mc_w.l(uidiv.o)
    0x08000748   0x08000748   0x0000001e   Code   RO         8825    .text               mc_w.l(llshl.o)
    0x08000766   0x08000766   0x00000020   Code   RO         8827    .text               mc_w.l(llushr.o)
    0x08000786   0x08000786   0x00000024   Code   RO         8829    .text               mc_w.l(llsshr.o)
    0x080007aa   0x080007aa   0x00000000   Code   RO         8838    .text               mc_w.l(iusefp.o)
    0x080007aa   0x080007aa   0x0000006e   Code   RO         8839    .text               mf_w.l(fepilogue.o)
    0x08000818   0x08000818   0x000000ba   Code   RO         8841    .text               mf_w.l(depilogue.o)
    0x080008d2   0x080008d2   0x00000030   Code   RO         8845    .text               mf_w.l(dfixul.o)
    0x08000902   0x08000902   0x00000002   PAD
    0x08000904   0x08000904   0x00000024   Code   RO         8847    .text               mc_w.l(init.o)
    0x08000928   0x08000928   0x00000056   Code   RO         8859    .text               mc_w.l(__dczerorl2.o)
    0x0800097e   0x0800097e   0x00000002   PAD
    0x08000980   0x08000980   0x000000e0   Code   RO         3401    i.ADC_Enable        stm32g4xx_hal_adc.o
    0x08000a60   0x08000a60   0x00000028   Code   RO          195    i.Acc_algorithm_init  algorithm.o
    0x08000a88   0x08000a88   0x00000150   Code   RO          196    i.Acc_algorithm_result  algorithm.o
    0x08000bd8   0x08000bd8   0x000001ec   Code   RO          197    i.Algorithm_Input   algorithm.o
    0x08000dc4   0x08000dc4   0x00000004   Code   RO         1834    i.BusFault_Handler  stm32g4xx_it.o
    0x08000dc8   0x08000dc8   0x00000010   Code   RO         1835    i.DMA1_Channel1_IRQHandler  stm32g4xx_it.o
    0x08000dd8   0x08000dd8   0x00000044   Code   RO         3091    i.DMA_CalcDMAMUXChannelBaseAndMask  stm32g4xx_hal_dma.o
    0x08000e1c   0x08000e1c   0x00000024   Code   RO         3092    i.DMA_CalcDMAMUXRequestGenBaseAndMask  stm32g4xx_hal_dma.o
    0x08000e40   0x08000e40   0x00000040   Code   RO         3093    i.DMA_SetConfig     stm32g4xx_hal_dma.o
    0x08000e80   0x08000e80   0x00000002   Code   RO         1836    i.DebugMon_Handler  stm32g4xx_it.o
    0x08000e82   0x08000e82   0x00000002   PAD
    0x08000e84   0x08000e84   0x00000058   Code   RO         1727    i.Device_Enter_OFF  main.o
    0x08000edc   0x08000edc   0x00000158   Code   RO         1728    i.Device_Enter_ON   main.o
    0x08001034   0x08001034   0x0000000c   Code   RO         1837    i.EXTI15_10_IRQHandler  stm32g4xx_it.o
    0x08001040   0x08001040   0x00000006   Code   RO         1729    i.Error_Handler     main.o
    0x08001046   0x08001046   0x00000002   PAD
    0x08001048   0x08001048   0x00000564   Code   RO         3403    i.HAL_ADC_ConfigChannel  stm32g4xx_hal_adc.o
    0x080015ac   0x080015ac   0x00000008   Code   RO         3410    i.HAL_ADC_GetValue  stm32g4xx_hal_adc.o
    0x080015b4   0x080015b4   0x00000298   Code   RO         3412    i.HAL_ADC_Init      stm32g4xx_hal_adc.o
    0x0800184c   0x0800184c   0x00000090   Code   RO            5    i.HAL_ADC_MspInit   adc.o
    0x080018dc   0x080018dc   0x00000164   Code   RO         3416    i.HAL_ADC_PollForConversion  stm32g4xx_hal_adc.o
    0x08001a40   0x08001a40   0x00000138   Code   RO         3418    i.HAL_ADC_Start     stm32g4xx_hal_adc.o
    0x08001b78   0x08001b78   0x00000076   Code   RO         3094    i.HAL_DMA_Abort     stm32g4xx_hal_dma.o
    0x08001bee   0x08001bee   0x00000094   Code   RO         3095    i.HAL_DMA_Abort_IT  stm32g4xx_hal_dma.o
    0x08001c82   0x08001c82   0x00000002   PAD
    0x08001c84   0x08001c84   0x000000bc   Code   RO         3096    i.HAL_DMA_DeInit    stm32g4xx_hal_dma.o
    0x08001d40   0x08001d40   0x000000fe   Code   RO         3099    i.HAL_DMA_IRQHandler  stm32g4xx_hal_dma.o
    0x08001e3e   0x08001e3e   0x00000002   PAD
    0x08001e40   0x08001e40   0x000000d0   Code   RO         3100    i.HAL_DMA_Init      stm32g4xx_hal_dma.o
    0x08001f10   0x08001f10   0x000000c2   Code   RO         3104    i.HAL_DMA_Start_IT  stm32g4xx_hal_dma.o
    0x08001fd2   0x08001fd2   0x00000002   PAD
    0x08001fd4   0x08001fd4   0x0000003c   Code   RO         2773    i.HAL_DeInit        stm32g4xx_hal.o
    0x08002010   0x08002010   0x00000028   Code   RO         2774    i.HAL_Delay         stm32g4xx_hal.o
    0x08002038   0x08002038   0x0000012c   Code   RO         1974    i.HAL_GPIO_DeInit   stm32g4xx_hal_gpio.o
    0x08002164   0x08002164   0x00000038   Code   RO         1838    i.HAL_GPIO_EXTI_Callback  stm32g4xx_it.o
    0x0800219c   0x0800219c   0x0000001c   Code   RO         1976    i.HAL_GPIO_EXTI_IRQHandler  stm32g4xx_hal_gpio.o
    0x080021b8   0x080021b8   0x000001cc   Code   RO         1977    i.HAL_GPIO_Init     stm32g4xx_hal_gpio.o
    0x08002384   0x08002384   0x00000010   Code   RO         1979    i.HAL_GPIO_ReadPin  stm32g4xx_hal_gpio.o
    0x08002394   0x08002394   0x00000014   Code   RO         1980    i.HAL_GPIO_TogglePin  stm32g4xx_hal_gpio.o
    0x080023a8   0x080023a8   0x0000000a   Code   RO         1981    i.HAL_GPIO_WritePin  stm32g4xx_hal_gpio.o
    0x080023b2   0x080023b2   0x00000002   PAD
    0x080023b4   0x080023b4   0x0000000c   Code   RO         2778    i.HAL_GetTick       stm32g4xx_hal.o
    0x080023c0   0x080023c0   0x0000006a   Code   RO         4392    i.HAL_I2CEx_ConfigAnalogFilter  stm32g4xx_hal_i2c_ex.o
    0x0800242a   0x0800242a   0x00000068   Code   RO         4393    i.HAL_I2CEx_ConfigDigitalFilter  stm32g4xx_hal_i2c_ex.o
    0x08002492   0x08002492   0x0000003c   Code   RO         3922    i.HAL_I2C_DeInit    stm32g4xx_hal_i2c.o
    0x080024ce   0x080024ce   0x00000002   PAD
    0x080024d0   0x080024d0   0x000000d8   Code   RO         3931    i.HAL_I2C_Init      stm32g4xx_hal_i2c.o
    0x080025a8   0x080025a8   0x00000150   Code   RO         3932    i.HAL_I2C_IsDeviceReady  stm32g4xx_hal_i2c.o
    0x080026f8   0x080026f8   0x000001a0   Code   RO         3949    i.HAL_I2C_Mem_Read  stm32g4xx_hal_i2c.o
    0x08002898   0x08002898   0x00000198   Code   RO         3952    i.HAL_I2C_Mem_Write  stm32g4xx_hal_i2c.o
    0x08002a30   0x08002a30   0x0000006c   Code   RO         1002    i.HAL_I2C_MspDeInit  i2c.o
    0x08002a9c   0x08002a9c   0x00000144   Code   RO         1003    i.HAL_I2C_MspInit   i2c.o
    0x08002be0   0x08002be0   0x00000018   Code   RO         2784    i.HAL_IncTick       stm32g4xx_hal.o
    0x08002bf8   0x08002bf8   0x0000001e   Code   RO         2785    i.HAL_Init          stm32g4xx_hal.o
    0x08002c16   0x08002c16   0x00000002   PAD
    0x08002c18   0x08002c18   0x00000058   Code   RO         2786    i.HAL_InitTick      stm32g4xx_hal.o
    0x08002c70   0x08002c70   0x00000002   Code   RO         2787    i.HAL_MspDeInit     stm32g4xx_hal.o
    0x08002c72   0x08002c72   0x00000002   PAD
    0x08002c74   0x08002c74   0x00000040   Code   RO         2788    i.HAL_MspInit       stm32g4xx_hal.o
    0x08002cb4   0x08002cb4   0x00000044   Code   RO         3250    i.HAL_NVIC_DisableIRQ  stm32g4xx_hal_cortex.o
    0x08002cf8   0x08002cf8   0x00000020   Code   RO         3251    i.HAL_NVIC_EnableIRQ  stm32g4xx_hal_cortex.o
    0x08002d18   0x08002d18   0x0000007a   Code   RO         3257    i.HAL_NVIC_SetPriority  stm32g4xx_hal_cortex.o
    0x08002d92   0x08002d92   0x00000002   PAD
    0x08002d94   0x08002d94   0x00000028   Code   RO         3258    i.HAL_NVIC_SetPriorityGrouping  stm32g4xx_hal_cortex.o
    0x08002dbc   0x08002dbc   0x00000118   Code   RO         6527    i.HAL_PWREx_ControlVoltageScaling  stm32g4xx_hal_pwr_ex.o
    0x08002ed4   0x08002ed4   0x0000003c   Code   RO         6555    i.HAL_PWREx_EnterSTOP0Mode  stm32g4xx_hal_pwr_ex.o
    0x08002f10   0x08002f10   0x00000040   Code   RO         6556    i.HAL_PWREx_EnterSTOP1Mode  stm32g4xx_hal_pwr_ex.o
    0x08002f50   0x08002f50   0x00000014   Code   RO         6772    i.HAL_PWR_DisableWakeUpPin  stm32g4xx_hal_pwr.o
    0x08002f64   0x08002f64   0x00000028   Code   RO         6777    i.HAL_PWR_EnableWakeUpPin  stm32g4xx_hal_pwr.o
    0x08002f8c   0x08002f8c   0x0000002c   Code   RO         6779    i.HAL_PWR_EnterSTANDBYMode  stm32g4xx_hal_pwr.o
    0x08002fb8   0x08002fb8   0x0000001c   Code   RO         6780    i.HAL_PWR_EnterSTOPMode  stm32g4xx_hal_pwr.o
    0x08002fd4   0x08002fd4   0x000003f8   Code   RO         6412    i.HAL_RCCEx_PeriphCLKConfig  stm32g4xx_hal_rcc_ex.o
    0x080033cc   0x080033cc   0x00000224   Code   RO         6282    i.HAL_RCC_ClockConfig  stm32g4xx_hal_rcc.o
    0x080035f0   0x080035f0   0x000000dc   Code   RO         6283    i.HAL_RCC_DeInit    stm32g4xx_hal_rcc.o
    0x080036cc   0x080036cc   0x0000000c   Code   RO         6288    i.HAL_RCC_GetHCLKFreq  stm32g4xx_hal_rcc.o
    0x080036d8   0x080036d8   0x00000024   Code   RO         6290    i.HAL_RCC_GetPCLK1Freq  stm32g4xx_hal_rcc.o
    0x080036fc   0x080036fc   0x00000024   Code   RO         6291    i.HAL_RCC_GetPCLK2Freq  stm32g4xx_hal_rcc.o
    0x08003720   0x08003720   0x00000098   Code   RO         6292    i.HAL_RCC_GetSysClockFreq  stm32g4xx_hal_rcc.o
    0x080037b8   0x080037b8   0x0000055c   Code   RO         6295    i.HAL_RCC_OscConfig  stm32g4xx_hal_rcc.o
    0x08003d14   0x08003d14   0x00000034   Code   RO         3262    i.HAL_SYSTICK_Config  stm32g4xx_hal_cortex.o
    0x08003d48   0x08003d48   0x00000002   Code   RO         5852    i.HAL_TIMEx_Break2Callback  stm32g4xx_hal_tim_ex.o
    0x08003d4a   0x08003d4a   0x00000002   Code   RO         5853    i.HAL_TIMEx_BreakCallback  stm32g4xx_hal_tim_ex.o
    0x08003d4c   0x08003d4c   0x00000002   Code   RO         5854    i.HAL_TIMEx_CommutCallback  stm32g4xx_hal_tim_ex.o
    0x08003d4e   0x08003d4e   0x00000002   Code   RO         5865    i.HAL_TIMEx_DirectionChangeCallback  stm32g4xx_hal_tim_ex.o
    0x08003d50   0x08003d50   0x00000002   Code   RO         5879    i.HAL_TIMEx_EncoderIndexCallback  stm32g4xx_hal_tim_ex.o
    0x08003d52   0x08003d52   0x00000002   Code   RO         5893    i.HAL_TIMEx_IndexErrorCallback  stm32g4xx_hal_tim_ex.o
    0x08003d54   0x08003d54   0x000000cc   Code   RO         5894    i.HAL_TIMEx_MasterConfigSynchronization  stm32g4xx_hal_tim_ex.o
    0x08003e20   0x08003e20   0x00000002   Code   RO         5915    i.HAL_TIMEx_TransitionErrorCallback  stm32g4xx_hal_tim_ex.o
    0x08003e22   0x08003e22   0x0000006e   Code   RO         2042    i.HAL_TIM_Base_Init  stm32g4xx_hal_tim.o
    0x08003e90   0x08003e90   0x0000007c   Code   RO          443    i.HAL_TIM_Base_MspInit  tim.o
    0x08003f0c   0x08003f0c   0x000000a8   Code   RO         2047    i.HAL_TIM_Base_Start_IT  stm32g4xx_hal_tim.o
    0x08003fb4   0x08003fb4   0x00000002   Code   RO         2076    i.HAL_TIM_IC_CaptureCallback  stm32g4xx_hal_tim.o
    0x08003fb6   0x08003fb6   0x00000220   Code   RO         2090    i.HAL_TIM_IRQHandler  stm32g4xx_hal_tim.o
    0x080041d6   0x080041d6   0x00000002   Code   RO         2093    i.HAL_TIM_OC_DelayElapsedCallback  stm32g4xx_hal_tim.o
    0x080041d8   0x080041d8   0x00000002   Code   RO         2120    i.HAL_TIM_PWM_PulseFinishedCallback  stm32g4xx_hal_tim.o
    0x080041da   0x080041da   0x00000002   PAD
    0x080041dc   0x080041dc   0x00000300   Code   RO         1839    i.HAL_TIM_PeriodElapsedCallback  stm32g4xx_it.o
    0x080044dc   0x080044dc   0x00000002   Code   RO         2133    i.HAL_TIM_TriggerCallback  stm32g4xx_hal_tim.o
    0x080044de   0x080044de   0x0000004e   Code   RO         5312    i.HAL_UARTEx_DisableFifoMode  stm32g4xx_hal_uart_ex.o
    0x0800452c   0x0800452c   0x00000002   Code   RO         4896    i.HAL_UARTEx_RxEventCallback  stm32g4xx_hal_uart.o
    0x0800452e   0x0800452e   0x00000002   Code   RO         5320    i.HAL_UARTEx_RxFifoFullCallback  stm32g4xx_hal_uart_ex.o
    0x08004530   0x08004530   0x0000005e   Code   RO         5321    i.HAL_UARTEx_SetRxFifoThreshold  stm32g4xx_hal_uart_ex.o
    0x0800458e   0x0800458e   0x0000005e   Code   RO         5322    i.HAL_UARTEx_SetTxFifoThreshold  stm32g4xx_hal_uart_ex.o
    0x080045ec   0x080045ec   0x00000002   Code   RO         5324    i.HAL_UARTEx_TxFifoEmptyCallback  stm32g4xx_hal_uart_ex.o
    0x080045ee   0x080045ee   0x00000002   Code   RO         5325    i.HAL_UARTEx_WakeupCallback  stm32g4xx_hal_uart_ex.o
    0x080045f0   0x080045f0   0x0000004c   Code   RO         4909    i.HAL_UART_DeInit   stm32g4xx_hal_uart.o
    0x0800463c   0x0800463c   0x00000002   Code   RO         4912    i.HAL_UART_ErrorCallback  stm32g4xx_hal_uart.o
    0x0800463e   0x0800463e   0x00000002   PAD
    0x08004640   0x08004640   0x000003d0   Code   RO         4915    i.HAL_UART_IRQHandler  stm32g4xx_hal_uart.o
    0x08004a10   0x08004a10   0x00000078   Code   RO         4916    i.HAL_UART_Init     stm32g4xx_hal_uart.o
    0x08004a88   0x08004a88   0x0000009c   Code   RO          492    i.HAL_UART_MspDeInit  usart.o
    0x08004b24   0x08004b24   0x00000210   Code   RO          493    i.HAL_UART_MspInit  usart.o
    0x08004d34   0x08004d34   0x0000005c   Code   RO         4921    i.HAL_UART_Receive_IT  stm32g4xx_hal_uart.o
    0x08004d90   0x08004d90   0x00000138   Code   RO         1840    i.HAL_UART_RxCpltCallback  stm32g4xx_it.o
    0x08004ec8   0x08004ec8   0x000000c2   Code   RO         4925    i.HAL_UART_Transmit  stm32g4xx_hal_uart.o
    0x08004f8a   0x08004f8a   0x00000002   PAD
    0x08004f8c   0x08004f8c   0x000000a0   Code   RO         4926    i.HAL_UART_Transmit_DMA  stm32g4xx_hal_uart.o
    0x0800502c   0x0800502c   0x00000018   Code   RO         1604    i.HAL_UART_TxCpltCallback  td5322a.o
    0x08005044   0x08005044   0x00000002   Code   RO         4929    i.HAL_UART_TxHalfCpltCallback  stm32g4xx_hal_uart.o
    0x08005046   0x08005046   0x0000002c   Code   RO         5806    i.HAL_WWDG_Init     stm32g4xx_hal_wwdg.o
    0x08005072   0x08005072   0x00000002   Code   RO         5807    i.HAL_WWDG_MspInit  stm32g4xx_hal_wwdg.o
    0x08005074   0x08005074   0x0000000c   Code   RO         5808    i.HAL_WWDG_Refresh  stm32g4xx_hal_wwdg.o
    0x08005080   0x08005080   0x00000044   Code   RO         1841    i.HardFault_Handler  stm32g4xx_it.o
    0x080050c4   0x080050c4   0x00000028   Code   RO         3978    i.I2C_Flush_TXDR    stm32g4xx_hal_i2c.o
    0x080050ec   0x080050ec   0x00000130   Code   RO         3986    i.I2C_IsErrorOccurred  stm32g4xx_hal_i2c.o
    0x0800521c   0x0800521c   0x0000007c   Code   RO         3991    i.I2C_RequestMemoryRead  stm32g4xx_hal_i2c.o
    0x08005298   0x08005298   0x0000007c   Code   RO         3992    i.I2C_RequestMemoryWrite  stm32g4xx_hal_i2c.o
    0x08005314   0x08005314   0x00000038   Code   RO         3995    i.I2C_TransferConfig  stm32g4xx_hal_i2c.o
    0x0800534c   0x0800534c   0x00000082   Code   RO         3997    i.I2C_WaitOnFlagUntilTimeout  stm32g4xx_hal_i2c.o
    0x080053ce   0x080053ce   0x00000060   Code   RO         3999    i.I2C_WaitOnSTOPFlagUntilTimeout  stm32g4xx_hal_i2c.o
    0x0800542e   0x0800542e   0x00000064   Code   RO         4000    i.I2C_WaitOnTXISFlagUntilTimeout  stm32g4xx_hal_i2c.o
    0x08005492   0x08005492   0x00000002   PAD
    0x08005494   0x08005494   0x00000010   Code   RO         3426    i.LL_ADC_Enable     stm32g4xx_hal_adc.o
    0x080054a4   0x080054a4   0x0000000a   Code   RO         3427    i.LL_ADC_GetCommonPathInternalCh  stm32g4xx_hal_adc.o
    0x080054ae   0x080054ae   0x0000000a   Code   RO         3428    i.LL_ADC_GetMultiDMATransfer  stm32g4xx_hal_adc.o
    0x080054b8   0x080054b8   0x0000000a   Code   RO         3429    i.LL_ADC_GetMultimode  stm32g4xx_hal_adc.o
    0x080054c2   0x080054c2   0x00000012   Code   RO         3430    i.LL_ADC_GetOffsetChannel  stm32g4xx_hal_adc.o
    0x080054d4   0x080054d4   0x0000000a   Code   RO         3431    i.LL_ADC_INJ_IsConversionOngoing  stm32g4xx_hal_adc.o
    0x080054de   0x080054de   0x0000000a   Code   RO         3433    i.LL_ADC_IsEnabled  stm32g4xx_hal_adc.o
    0x080054e8   0x080054e8   0x0000000a   Code   RO         3434    i.LL_ADC_IsInternalRegulatorEnabled  stm32g4xx_hal_adc.o
    0x080054f2   0x080054f2   0x0000000a   Code   RO         3435    i.LL_ADC_REG_IsConversionOngoing  stm32g4xx_hal_adc.o
    0x080054fc   0x080054fc   0x00000012   Code   RO         3436    i.LL_ADC_REG_IsTriggerSourceSWStart  stm32g4xx_hal_adc.o
    0x0800550e   0x0800550e   0x00000002   PAD
    0x08005510   0x08005510   0x00000010   Code   RO         3437    i.LL_ADC_REG_StartConversion  stm32g4xx_hal_adc.o
    0x08005520   0x08005520   0x00000028   Code   RO         3439    i.LL_ADC_SetChannelSamplingTime  stm32g4xx_hal_adc.o
    0x08005548   0x08005548   0x0000000c   Code   RO         3440    i.LL_ADC_SetCommonPathInternalCh  stm32g4xx_hal_adc.o
    0x08005554   0x08005554   0x00000016   Code   RO         3441    i.LL_ADC_SetOffsetState  stm32g4xx_hal_adc.o
    0x0800556a   0x0800556a   0x0000000c   Code   RO         3442    i.LL_ADC_SetSamplingTimeCommonConfig  stm32g4xx_hal_adc.o
    0x08005576   0x08005576   0x00000002   PAD
    0x08005578   0x08005578   0x00000088   Code   RO            6    i.MX_ADC3_Init      adc.o
    0x08005600   0x08005600   0x000001f8   Code   RO          250    i.MX_GPIO_Init      gpio.o
    0x080057f8   0x080057f8   0x00000010   Code   RO         1004    i.MX_I2C2_DeInit    i2c.o
    0x08005808   0x08005808   0x00000058   Code   RO         1005    i.MX_I2C2_Init      i2c.o
    0x08005860   0x08005860   0x00000010   Code   RO         1006    i.MX_I2C3_DeInit    i2c.o
    0x08005870   0x08005870   0x00000058   Code   RO         1007    i.MX_I2C3_Init      i2c.o
    0x080058c8   0x080058c8   0x00000070   Code   RO          444    i.MX_TIM6_Init      tim.o
    0x08005938   0x08005938   0x0000006c   Code   RO          445    i.MX_TIM7_Init      tim.o
    0x080059a4   0x080059a4   0x00000010   Code   RO          494    i.MX_USART1_UART_DeInit  usart.o
    0x080059b4   0x080059b4   0x0000007c   Code   RO          495    i.MX_USART1_UART_Init  usart.o
    0x08005a30   0x08005a30   0x00000010   Code   RO          496    i.MX_USART2_UART_DeInit  usart.o
    0x08005a40   0x08005a40   0x0000007c   Code   RO          497    i.MX_USART2_UART_Init  usart.o
    0x08005abc   0x08005abc   0x00000050   Code   RO          498    i.MX_USART3_UART_DMA_Init  usart.o
    0x08005b0c   0x08005b0c   0x00000010   Code   RO          499    i.MX_USART3_UART_DeInit  usart.o
    0x08005b1c   0x08005b1c   0x0000007c   Code   RO          500    i.MX_USART3_UART_Init  usart.o
    0x08005b98   0x08005b98   0x00000030   Code   RO          966    i.MX_WWDG_Init      wwdg.o
    0x08005bc8   0x08005bc8   0x00000004   Code   RO         1842    i.MemManage_Handler  stm32g4xx_it.o
    0x08005bcc   0x08005bcc   0x00000004   Code   RO         1843    i.NMI_Handler       stm32g4xx_it.o
    0x08005bd0   0x08005bd0   0x00000002   Code   RO         1844    i.PendSV_Handler    stm32g4xx_it.o
    0x08005bd2   0x08005bd2   0x00000002   PAD
    0x08005bd4   0x08005bd4   0x000001c8   Code   RO            7    i.ProcessADC        adc.o
    0x08005d9c   0x08005d9c   0x00000068   Code   RO         6296    i.RCC_GetSysClockFreqFromPLLSource  stm32g4xx_hal_rcc.o
    0x08005e04   0x08005e04   0x0000003c   Code   RO         1446    i.SFLASH_ReadJEDEC_ID  zd25wq32c.o
    0x08005e40   0x08005e40   0x00000052   Code   RO         1447    i.SFLASH_ReadNByte  zd25wq32c.o
    0x08005e92   0x08005e92   0x00000010   Code   RO         1457    i.SPI_Delay         zd25wq32c.o
    0x08005ea2   0x08005ea2   0x00000002   PAD
    0x08005ea4   0x08005ea4   0x000000c0   Code   RO         1459    i.SPI_Initializes   zd25wq32c.o
    0x08005f64   0x08005f64   0x0000004c   Code   RO         1460    i.SPI_ReadByte      zd25wq32c.o
    0x08005fb0   0x08005fb0   0x0000005c   Code   RO         1461    i.SPI_WriteByte     zd25wq32c.o
    0x0800600c   0x0800600c   0x00000002   Code   RO         1845    i.SVC_Handler       stm32g4xx_it.o
    0x0800600e   0x0800600e   0x00000002   PAD
    0x08006010   0x08006010   0x00000018   Code   RO         1846    i.SysTick_Handler   stm32g4xx_it.o
    0x08006028   0x08006028   0x0000006e   Code   RO         1731    i.SystemClock_Config  main.o
    0x08006096   0x08006096   0x00000002   Code   RO         7389    i.SystemInit        system_stm32g4xx.o
    0x08006098   0x08006098   0x00000010   Code   RO         1847    i.TIM6_DAC_IRQHandler  stm32g4xx_it.o
    0x080060a8   0x080060a8   0x00000010   Code   RO         1848    i.TIM7_IRQHandler   stm32g4xx_it.o
    0x080060b8   0x080060b8   0x000000e0   Code   RO         2135    i.TIM_Base_SetConfig  stm32g4xx_hal_tim.o
    0x08006198   0x08006198   0x00000054   Code   RO         5326    i.UARTEx_SetNbDataToProcess  stm32g4xx_hal_uart_ex.o
    0x080061ec   0x080061ec   0x000000f8   Code   RO         4930    i.UART_AdvFeatureConfig  stm32g4xx_hal_uart.o
    0x080062e4   0x080062e4   0x000000ea   Code   RO         4931    i.UART_CheckIdleState  stm32g4xx_hal_uart.o
    0x080063ce   0x080063ce   0x00000014   Code   RO         4932    i.UART_DMAAbortOnError  stm32g4xx_hal_uart.o
    0x080063e2   0x080063e2   0x0000005e   Code   RO         4933    i.UART_DMAError     stm32g4xx_hal_uart.o
    0x08006440   0x08006440   0x00000056   Code   RO         4938    i.UART_DMATransmitCplt  stm32g4xx_hal_uart.o
    0x08006496   0x08006496   0x0000000e   Code   RO         4940    i.UART_DMATxHalfCplt  stm32g4xx_hal_uart.o
    0x080064a4   0x080064a4   0x0000006c   Code   RO         4942    i.UART_EndRxTransfer  stm32g4xx_hal_uart.o
    0x08006510   0x08006510   0x00000030   Code   RO         4943    i.UART_EndTransmit_IT  stm32g4xx_hal_uart.o
    0x08006540   0x08006540   0x00000040   Code   RO         4944    i.UART_EndTxTransfer  stm32g4xx_hal_uart.o
    0x08006580   0x08006580   0x00000104   Code   RO         4945    i.UART_RxISR_16BIT  stm32g4xx_hal_uart.o
    0x08006684   0x08006684   0x00000200   Code   RO         4946    i.UART_RxISR_16BIT_FIFOEN  stm32g4xx_hal_uart.o
    0x08006884   0x08006884   0x00000104   Code   RO         4947    i.UART_RxISR_8BIT   stm32g4xx_hal_uart.o
    0x08006988   0x08006988   0x000001fc   Code   RO         4948    i.UART_RxISR_8BIT_FIFOEN  stm32g4xx_hal_uart.o
    0x08006b84   0x08006b84   0x000003c8   Code   RO         4949    i.UART_SetConfig    stm32g4xx_hal_uart.o
    0x08006f4c   0x08006f4c   0x0000015c   Code   RO         4951    i.UART_Start_Receive_IT  stm32g4xx_hal_uart.o
    0x080070a8   0x080070a8   0x000000ac   Code   RO         4956    i.UART_WaitOnFlagUntilTimeout  stm32g4xx_hal_uart.o
    0x08007154   0x08007154   0x00000010   Code   RO         1849    i.USART1_IRQHandler  stm32g4xx_it.o
    0x08007164   0x08007164   0x00000014   Code   RO         1850    i.USART3_IRQHandler  stm32g4xx_it.o
    0x08007178   0x08007178   0x00000004   Code   RO         1851    i.UsageFault_Handler  stm32g4xx_it.o
    0x0800717c   0x0800717c   0x00000084   Code   RO         7425    i.VL53L0X_CheckAndLoadInterruptSettings  vl53l0x_api.o
    0x08007200   0x08007200   0x00000052   Code   RO         7426    i.VL53L0X_ClearInterruptMask  vl53l0x_api.o
    0x08007252   0x08007252   0x00000002   PAD
    0x08007254   0x08007254   0x000001ac   Code   RO         7427    i.VL53L0X_DataInit  vl53l0x_api.o
    0x08007400   0x08007400   0x00000016   Code   RO         7431    i.VL53L0X_GetDeviceInfo  vl53l0x_api.o
    0x08007416   0x08007416   0x0000000a   Code   RO         7432    i.VL53L0X_GetDeviceMode  vl53l0x_api.o
    0x08007420   0x08007420   0x000000a0   Code   RO         7433    i.VL53L0X_GetDeviceParameters  vl53l0x_api.o
    0x080074c0   0x080074c0   0x00000022   Code   RO         7435    i.VL53L0X_GetFractionEnable  vl53l0x_api.o
    0x080074e2   0x080074e2   0x0000003e   Code   RO         7439    i.VL53L0X_GetInterMeasurementPeriodMilliSeconds  vl53l0x_api.o
    0x08007520   0x08007520   0x00000030   Code   RO         7440    i.VL53L0X_GetInterruptMaskStatus  vl53l0x_api.o
    0x08007550   0x08007550   0x00000042   Code   RO         7441    i.VL53L0X_GetInterruptThresholds  vl53l0x_api.o
    0x08007592   0x08007592   0x0000001c   Code   RO         7443    i.VL53L0X_GetLimitCheckEnable  vl53l0x_api.o
    0x080075ae   0x080075ae   0x000000b6   Code   RO         7446    i.VL53L0X_GetLimitCheckValue  vl53l0x_api.o
    0x08007664   0x08007664   0x00000056   Code   RO         7449    i.VL53L0X_GetMeasurementDataReady  vl53l0x_api.o
    0x080076ba   0x080076ba   0x00000016   Code   RO         7451    i.VL53L0X_GetMeasurementTimingBudgetMicroSeconds  vl53l0x_api.o
    0x080076d0   0x080076d0   0x00000016   Code   RO         7455    i.VL53L0X_GetOffsetCalibrationDataMicroMeter  vl53l0x_api.o
    0x080076e6   0x080076e6   0x00000016   Code   RO         7456    i.VL53L0X_GetPalErrorString  vl53l0x_api.o
    0x080076fc   0x080076fc   0x00000016   Code   RO         7462    i.VL53L0X_GetRangeStatusString  vl53l0x_api.o
    0x08007712   0x08007712   0x0000016e   Code   RO         7463    i.VL53L0X_GetRangingMeasurementData  vl53l0x_api.o
    0x08007880   0x08007880   0x00000076   Code   RO         7467    i.VL53L0X_GetSequenceStepEnables  vl53l0x_api.o
    0x080078f6   0x080078f6   0x0000001e   Code   RO         7476    i.VL53L0X_GetVcselPulsePeriod  vl53l0x_api.o
    0x08007914   0x08007914   0x0000003e   Code   RO         7478    i.VL53L0X_GetWrapAroundCheckEnable  vl53l0x_api.o
    0x08007952   0x08007952   0x0000000c   Code   RO         7479    i.VL53L0X_GetXTalkCompensationEnable  vl53l0x_api.o
    0x0800795e   0x0800795e   0x00000038   Code   RO         7480    i.VL53L0X_GetXTalkCompensationRateMegaCps  vl53l0x_api.o
    0x08007996   0x08007996   0x00000020   Code   RO         7482    i.VL53L0X_PerformRefCalibration  vl53l0x_api.o
    0x080079b6   0x080079b6   0x0000001e   Code   RO         7483    i.VL53L0X_PerformRefSpadManagement  vl53l0x_api.o
    0x080079d4   0x080079d4   0x0000003c   Code   RO         7485    i.VL53L0X_PerformSingleMeasurement  vl53l0x_api.o
    0x08007a10   0x08007a10   0x00000038   Code   RO         7486    i.VL53L0X_PerformSingleRangingMeasurement  vl53l0x_api.o
    0x08007a48   0x08007a48   0x0000001a   Code   RO         1360    i.VL53L0X_PollingDelay  vl53l0x_platform.o
    0x08007a62   0x08007a62   0x0000002c   Code   RO         1361    i.VL53L0X_RdByte    vl53l0x_platform.o
    0x08007a8e   0x08007a8e   0x0000002c   Code   RO         1362    i.VL53L0X_RdDWord   vl53l0x_platform.o
    0x08007aba   0x08007aba   0x0000002c   Code   RO         1363    i.VL53L0X_RdWord    vl53l0x_platform.o
    0x08007ae6   0x08007ae6   0x00000036   Code   RO         1364    i.VL53L0X_ReadMulti  vl53l0x_platform.o
    0x08007b1c   0x08007b1c   0x00000032   Code   RO         7491    i.VL53L0X_SetDeviceMode  vl53l0x_api.o
    0x08007b4e   0x08007b4e   0x00000166   Code   RO         7494    i.VL53L0X_SetGpioConfig  vl53l0x_api.o
    0x08007cb4   0x08007cb4   0x000000c2   Code   RO         7499    i.VL53L0X_SetLimitCheckEnable  vl53l0x_api.o
    0x08007d76   0x08007d76   0x00000076   Code   RO         7500    i.VL53L0X_SetLimitCheckValue  vl53l0x_api.o
    0x08007dec   0x08007dec   0x00000016   Code   RO         7502    i.VL53L0X_SetMeasurementTimingBudgetMicroSeconds  vl53l0x_api.o
    0x08007e02   0x08007e02   0x00000016   Code   RO         7504    i.VL53L0X_SetOffsetCalibrationDataMicroMeter  vl53l0x_api.o
    0x08007e18   0x08007e18   0x0000001e   Code   RO         7507    i.VL53L0X_SetRefCalibration  vl53l0x_api.o
    0x08007e36   0x08007e36   0x0000001e   Code   RO         7508    i.VL53L0X_SetReferenceSpads  vl53l0x_api.o
    0x08007e54   0x08007e54   0x000000c4   Code   RO         7509    i.VL53L0X_SetSequenceStepEnable  vl53l0x_api.o
    0x08007f18   0x08007f18   0x0000001e   Code   RO         7514    i.VL53L0X_SetVcselPulsePeriod  vl53l0x_api.o
    0x08007f36   0x08007f36   0x00000040   Code   RO         7517    i.VL53L0X_SetXTalkCompensationRateMegaCps  vl53l0x_api.o
    0x08007f76   0x08007f76   0x0000010c   Code   RO         7518    i.VL53L0X_StartMeasurement  vl53l0x_api.o
    0x08008082   0x08008082   0x00000002   PAD
    0x08008084   0x08008084   0x000001a0   Code   RO         7519    i.VL53L0X_StaticInit  vl53l0x_api.o
    0x08008224   0x08008224   0x00000052   Code   RO         1365    i.VL53L0X_UpdateByte  vl53l0x_platform.o
    0x08008276   0x08008276   0x0000002c   Code   RO         1366    i.VL53L0X_WrByte    vl53l0x_platform.o
    0x080082a2   0x080082a2   0x0000002c   Code   RO         1368    i.VL53L0X_WrWord    vl53l0x_platform.o
    0x080082ce   0x080082ce   0x0000003c   Code   RO         1369    i.VL53L0X_WriteMulti  vl53l0x_platform.o
    0x0800830a   0x0800830a   0x00000002   PAD
    0x0800830c   0x0800830c   0x0000018c   Code   RO         8214    i.VL53L0X_calc_dmax  vl53l0x_api_core.o
    0x08008498   0x08008498   0x00000016   Code   RO         8215    i.VL53L0X_calc_macro_period_ps  vl53l0x_api_core.o
    0x080084ae   0x080084ae   0x00000002   PAD
    0x080084b0   0x080084b0   0x00000310   Code   RO         8216    i.VL53L0X_calc_sigma_estimate  vl53l0x_api_core.o
    0x080087c0   0x080087c0   0x00000034   Code   RO         8217    i.VL53L0X_calc_timeout_mclks  vl53l0x_api_core.o
    0x080087f4   0x080087f4   0x00000034   Code   RO         8218    i.VL53L0X_calc_timeout_us  vl53l0x_api_core.o
    0x08008828   0x08008828   0x00000050   Code   RO         8400    i.VL53L0X_check_part_used  vl53l0x_api_strings.o
    0x08008878   0x08008878   0x0000000e   Code   RO         8219    i.VL53L0X_decode_timeout  vl53l0x_api_core.o
    0x08008886   0x08008886   0x0000000c   Code   RO         8220    i.VL53L0X_decode_vcsel_period  vl53l0x_api_core.o
    0x08008892   0x08008892   0x00000052   Code   RO         8221    i.VL53L0X_device_read_strobe  vl53l0x_api_core.o
    0x080088e4   0x080088e4   0x00000028   Code   RO         8222    i.VL53L0X_encode_timeout  vl53l0x_api_core.o
    0x0800890c   0x0800890c   0x0000000e   Code   RO         8223    i.VL53L0X_encode_vcsel_period  vl53l0x_api_core.o
    0x0800891a   0x0800891a   0x00000002   PAD
    0x0800891c   0x0800891c   0x000000dc   Code   RO         8402    i.VL53L0X_get_device_info  vl53l0x_api_strings.o
    0x080089f8   0x080089f8   0x0000054a   Code   RO         8224    i.VL53L0X_get_info_from_device  vl53l0x_api_core.o
    0x08008f42   0x08008f42   0x000000ee   Code   RO         8225    i.VL53L0X_get_measurement_timing_budget_micro_seconds  vl53l0x_api_core.o
    0x08009030   0x08009030   0x00000056   Code   RO         8056    i.VL53L0X_get_offset_calibration_data_micro_meter  vl53l0x_api_calibration.o
    0x08009086   0x08009086   0x00000002   PAD
    0x08009088   0x08009088   0x000002cc   Code   RO         8404    i.VL53L0X_get_pal_error_string  vl53l0x_api_strings.o
    0x08009354   0x08009354   0x00000234   Code   RO         8226    i.VL53L0X_get_pal_range_status  vl53l0x_api_core.o
    0x08009588   0x08009588   0x000000d4   Code   RO         8406    i.VL53L0X_get_range_status_string  vl53l0x_api_strings.o
    0x0800965c   0x0800965c   0x00000028   Code   RO         8227    i.VL53L0X_get_total_signal_rate  vl53l0x_api_core.o
    0x08009684   0x08009684   0x0000003a   Code   RO         8228    i.VL53L0X_get_total_xtalk_rate  vl53l0x_api_core.o
    0x080096be   0x080096be   0x00000046   Code   RO         8229    i.VL53L0X_get_vcsel_pulse_period  vl53l0x_api_core.o
    0x08009704   0x08009704   0x0000002c   Code   RO         8230    i.VL53L0X_isqrt     vl53l0x_api_core.o
    0x08009730   0x08009730   0x000000ea   Code   RO         8231    i.VL53L0X_load_tuning_settings  vl53l0x_api_core.o
    0x0800981a   0x0800981a   0x00000042   Code   RO         8232    i.VL53L0X_measurement_poll_for_completion  vl53l0x_api_core.o
    0x0800985c   0x0800985c   0x0000007c   Code   RO         8060    i.VL53L0X_perform_phase_calibration  vl53l0x_api_calibration.o
    0x080098d8   0x080098d8   0x0000004c   Code   RO         8061    i.VL53L0X_perform_ref_calibration  vl53l0x_api_calibration.o
    0x08009924   0x08009924   0x00000292   Code   RO         8062    i.VL53L0X_perform_ref_spad_management  vl53l0x_api_calibration.o
    0x08009bb6   0x08009bb6   0x00000040   Code   RO         8063    i.VL53L0X_perform_single_ref_calibration  vl53l0x_api_calibration.o
    0x08009bf6   0x08009bf6   0x0000007e   Code   RO         8064    i.VL53L0X_perform_vhv_calibration  vl53l0x_api_calibration.o
    0x08009c74   0x08009c74   0x0000002c   Code   RO         1265    i.VL53L0X_read_byte  vl53l0x_i2c.o
    0x08009ca0   0x08009ca0   0x00000050   Code   RO         1266    i.VL53L0X_read_dword  vl53l0x_i2c.o
    0x08009cf0   0x08009cf0   0x00000030   Code   RO         1267    i.VL53L0X_read_multi  vl53l0x_i2c.o
    0x08009d20   0x08009d20   0x00000040   Code   RO         1268    i.VL53L0X_read_word  vl53l0x_i2c.o
    0x08009d60   0x08009d60   0x000000b0   Code   RO         8066    i.VL53L0X_ref_calibration_io  vl53l0x_api_calibration.o
    0x08009e10   0x08009e10   0x00000126   Code   RO         8235    i.VL53L0X_set_measurement_timing_budget_micro_seconds  vl53l0x_api_core.o
    0x08009f36   0x08009f36   0x00000002   PAD
    0x08009f38   0x08009f38   0x00000054   Code   RO         8067    i.VL53L0X_set_offset_calibration_data_micro_meter  vl53l0x_api_calibration.o
    0x08009f8c   0x08009f8c   0x0000002e   Code   RO         8068    i.VL53L0X_set_ref_calibration  vl53l0x_api_calibration.o
    0x08009fba   0x08009fba   0x000000c2   Code   RO         8069    i.VL53L0X_set_reference_spads  vl53l0x_api_calibration.o
    0x0800a07c   0x0800a07c   0x000002fe   Code   RO         8236    i.VL53L0X_set_vcsel_pulse_period  vl53l0x_api_core.o
    0x0800a37a   0x0800a37a   0x00000002   PAD
    0x0800a37c   0x0800a37c   0x0000002c   Code   RO         1269    i.VL53L0X_write_byte  vl53l0x_i2c.o
    0x0800a3a8   0x0800a3a8   0x0000002c   Code   RO         1271    i.VL53L0X_write_multi  vl53l0x_i2c.o
    0x0800a3d4   0x0800a3d4   0x0000003c   Code   RO         1272    i.VL53L0X_write_word  vl53l0x_i2c.o
    0x0800a410   0x0800a410   0x00000020   Code   RO         8723    i.__0printf         mc_w.l(printfa.o)
    0x0800a430   0x0800a430   0x00000010   Code   RO         3264    i.__NVIC_GetPriorityGrouping  stm32g4xx_hal_cortex.o
    0x0800a440   0x0800a440   0x00000028   Code   RO         3265    i.__NVIC_SetPriority  stm32g4xx_hal_cortex.o
    0x0800a468   0x0800a468   0x00000040   Code   RO         1733    i.__NVIC_SystemReset  main.o
    0x0800a4a8   0x0800a4a8   0x0000000e   Code   RO         8853    i.__scatterload_copy  mc_w.l(handlers.o)
    0x0800a4b6   0x0800a4b6   0x00000002   Code   RO         8854    i.__scatterload_null  mc_w.l(handlers.o)
    0x0800a4b8   0x0800a4b8   0x0000000e   Code   RO         8855    i.__scatterload_zeroinit  mc_w.l(handlers.o)
    0x0800a4c6   0x0800a4c6   0x00000002   PAD
    0x0800a4c8   0x0800a4c8   0x00000184   Code   RO         8730    i._fp_digits        mc_w.l(printfa.o)
    0x0800a64c   0x0800a64c   0x000006b4   Code   RO         8731    i._printf_core      mc_w.l(printfa.o)
    0x0800ad00   0x0800ad00   0x00000024   Code   RO         8732    i._printf_post_padding  mc_w.l(printfa.o)
    0x0800ad24   0x0800ad24   0x0000002e   Code   RO         8733    i._printf_pre_padding  mc_w.l(printfa.o)
    0x0800ad52   0x0800ad52   0x00000028   Code   RO         1605    i.arr_comper        td5322a.o
    0x0800ad7a   0x0800ad7a   0x00000002   PAD
    0x0800ad7c   0x0800ad7c   0x00000218   Code   RO          617    i.ble_low_power_task  work_drive.o
    0x0800af94   0x0800af94   0x00000158   Code   RO          618    i.ble_make_result   work_drive.o
    0x0800b0ec   0x0800b0ec   0x00000064   Code   RO          619    i.ble_send_cmd      work_drive.o
    0x0800b150   0x0800b150   0x0000008c   Code   RO          620    i.buffer_eeg_raw_deal  work_drive.o
    0x0800b1dc   0x0800b1dc   0x00000018   Code   RO          887    i.calculate_lux_int  opt3001.o
    0x0800b1f4   0x0800b1f4   0x00000018   Code   RO          623    i.device_data_down  work_drive.o
    0x0800b20c   0x0800b20c   0x00000018   Code   RO          625    i.device_data_none  work_drive.o
    0x0800b224   0x0800b224   0x0000002c   Code   RO          626    i.device_data_pitch  work_drive.o
    0x0800b250   0x0800b250   0x0000002c   Code   RO          628    i.device_data_roll  work_drive.o
    0x0800b27c   0x0800b27c   0x00000088   Code   RO          630    i.device_data_send_new  work_drive.o
    0x0800b304   0x0800b304   0x00000018   Code   RO          633    i.device_data_up    work_drive.o
    0x0800b31c   0x0800b31c   0x00000094   Code   RO          636    i.eeg_make_result   work_drive.o
    0x0800b3b0   0x0800b3b0   0x000000b0   Code   RO         1607    i.eeg_uart_to_td5322a  td5322a.o
    0x0800b460   0x0800b460   0x000000ac   Code   RO         8071    i.enable_ref_spads  vl53l0x_api_calibration.o
    0x0800b50c   0x0800b50c   0x00000032   Code   RO         8072    i.enable_spad_bit   vl53l0x_api_calibration.o
    0x0800b53e   0x0800b53e   0x00000002   PAD
    0x0800b540   0x0800b540   0x0000001c   Code   RO          503    i.fputc             usart.o
    0x0800b55c   0x0800b55c   0x00000068   Code   RO         8073    i.get_next_good_spad  vl53l0x_api_calibration.o
    0x0800b5c4   0x0800b5c4   0x00000018   Code   RO         8074    i.get_ref_spad_map  vl53l0x_api_calibration.o
    0x0800b5dc   0x0800b5dc   0x00000122   Code   RO         8237    i.get_sequence_step_timeout  vl53l0x_api_core.o
    0x0800b6fe   0x0800b6fe   0x00000002   PAD
    0x0800b700   0x0800b700   0x00000090   Code   RO          297    i.icm20608_getdata  icm_20608.o
    0x0800b790   0x0800b790   0x0000009c   Code   RO          299    i.icm20608_init     icm_20608.o
    0x0800b82c   0x0800b82c   0x00000024   Code   RO          300    i.icm20608_read_len  icm_20608.o
    0x0800b850   0x0800b850   0x00000028   Code   RO          301    i.icm20608_read_reg  icm_20608.o
    0x0800b878   0x0800b878   0x00000028   Code   RO          302    i.icm20608_write_reg  icm_20608.o
    0x0800b8a0   0x0800b8a0   0x00000012   Code   RO          303    i.icm_20608_sleep   icm_20608.o
    0x0800b8b2   0x0800b8b2   0x00000002   PAD
    0x0800b8b4   0x0800b8b4   0x00000018   Code   RO         8075    i.is_aperture       vl53l0x_api_calibration.o
    0x0800b8cc   0x0800b8cc   0x0000005c   Code   RO         1686    i.jump_to_bootloader  stm32_ota.o
    0x0800b928   0x0800b928   0x0000005c   Code   RO          251    i.key_input_exit    gpio.o
    0x0800b984   0x0800b984   0x00000054   Code   RO          252    i.key_input_nomal   gpio.o
    0x0800b9d8   0x0800b9d8   0x0000004c   Code   RO          253    i.key_input_test    gpio.o
    0x0800ba24   0x0800ba24   0x000003c8   Code   RO          845    i.key_scan_task     key_scan.o
    0x0800bdec   0x0800bdec   0x00000254   Code   RO         1736    i.main              main.o
    0x0800c040   0x0800c040   0x0000001c   Code   RO         1608    i.mcu_uart_to_td5322a  td5322a.o
    0x0800c05c   0x0800c05c   0x00000074   Code   RO         1106    i.mode_string       vl53l0x.o
    0x0800c0d0   0x0800c0d0   0x00000034   Code   RO          888    i.opt3001_init      opt3001.o
    0x0800c104   0x0800c104   0x00000040   Code   RO          889    i.opt3001_readdata  opt3001.o
    0x0800c144   0x0800c144   0x0000000e   Code   RO          890    i.opt3001_shutdown  opt3001.o
    0x0800c152   0x0800c152   0x00000002   PAD
    0x0800c154   0x0800c154   0x00000038   Code   RO          891    i.opt3001_writedata  opt3001.o
    0x0800c18c   0x0800c18c   0x000001fc   Code   RO         1687    i.ota_command_process  stm32_ota.o
    0x0800c388   0x0800c388   0x000000d8   Code   RO          638    i.parse_SW_data     work_drive.o
    0x0800c460   0x0800c460   0x0000006e   Code   RO         8076    i.perform_ref_signal_measurement  vl53l0x_api_calibration.o
    0x0800c4ce   0x0800c4ce   0x00000002   PAD
    0x0800c4d0   0x0800c4d0   0x00000034   Code   RO         1107    i.print_pal_error   vl53l0x.o
    0x0800c504   0x0800c504   0x00000048   Code   RO         7523    i.sequence_step_enabled  vl53l0x_api.o
    0x0800c54c   0x0800c54c   0x00000018   Code   RO         8077    i.set_ref_spad_map  vl53l0x_api_calibration.o
    0x0800c564   0x0800c564   0x00000132   Code   RO         8238    i.set_sequence_step_timeout  vl53l0x_api_core.o
    0x0800c696   0x0800c696   0x00000002   PAD
    0x0800c698   0x0800c698   0x000004f4   Code   RO         1611    i.td5322a_task      td5322a.o
    0x0800cb8c   0x0800cb8c   0x00000016   Code   RO         1612    i.td5322a_uart_to_bel_command  td5322a.o
    0x0800cba2   0x0800cba2   0x00000002   PAD
    0x0800cba4   0x0800cba4   0x00000054   Code   RO         1215    i.vl53l0x_general_start  vl53l0x_gen.o
    0x0800cbf8   0x0800cbf8   0x00000084   Code   RO         1110    i.vl53l0x_init      vl53l0x.o
    0x0800cc7c   0x0800cc7c   0x00000034   Code   RO         1111    i.vl53l0x_reset     vl53l0x.o
    0x0800ccb0   0x0800ccb0   0x0000019c   Code   RO         1217    i.vl53l0x_set_mode  vl53l0x_gen.o
    0x0800ce4c   0x0800ce4c   0x00000040   Code   RO         1218    i.vl53l0x_start_single_test  vl53l0x_gen.o
    0x0800ce8c   0x0800ce8c   0x0000085c   Code   RO          641    i.work_task         work_drive.o
    0x0800d6e8   0x0800d6e8   0x00000018   Code   RO          967    i.wwdg_task         wwdg.o
    0x0800d700   0x0800d700   0x000000c7   Data   RO          643    .constdata          work_drive.o
    0x0800d7c7   0x0800d7c7   0x00000001   PAD
    0x0800d7c8   0x0800d7c8   0x0000035b   Data   RO         1614    .constdata          td5322a.o
    0x0800db23   0x0800db23   0x0000001e   Data   RO         1689    .constdata          stm32_ota.o
    0x0800db41   0x0800db41   0x00000001   PAD
    0x0800db42   0x0800db42   0x00000018   Data   RO         4957    .constdata          stm32g4xx_hal_uart.o
    0x0800db5a   0x0800db5a   0x00000010   Data   RO         5328    .constdata          stm32g4xx_hal_uart_ex.o
    0x0800db6a   0x0800db6a   0x00000018   Data   RO         7390    .constdata          system_stm32g4xx.o
    0x0800db82   0x0800db82   0x00000002   PAD
    0x0800db84   0x0800db84   0x00000018   Data   RO         1738    .conststring        main.o
    0x0800db9c   0x0800db9c   0x00000020   Data   RO         8851    Region$$Table       anon$$obj.o


    Execution Region RW_IRAM1 (Exec base: 0x20000000, Load base: 0x0800dbbc, Size: 0x00002bc0, Max: 0x00005000, ABSOLUTE, COMPRESSED[0x00000360])

    Exec Addr    Load Addr    Size         Type   Attr      Idx    E Section Name        Object

    0x20000000   COMPRESSED   0x0000000e   Data   RW            9    .data               adc.o
    0x2000000e   COMPRESSED   0x00000004   Data   RW          199    .data               algorithm.o
    0x20000012   COMPRESSED   0x00000002   PAD
    0x20000014   COMPRESSED   0x0000004e   Data   RW          644    .data               work_drive.o
    0x20000062   COMPRESSED   0x00000002   PAD
    0x20000064   COMPRESSED   0x00000035   Data   RW          846    .data               key_scan.o
    0x20000099   COMPRESSED   0x00000003   PAD
    0x2000009c   COMPRESSED   0x00000034   Data   RW          894    .data               opt3001.o
    0x200000d0   COMPRESSED   0x00000039   Data   RW         1114    .data               vl53l0x.o
    0x20000109   COMPRESSED   0x00000001   PAD
    0x2000010a   COMPRESSED   0x00000002   Data   RW         1220    .data               vl53l0x_gen.o
    0x2000010c   COMPRESSED   0x0000004e   Data   RW         1615    .data               td5322a.o
    0x2000015a   COMPRESSED   0x00000006   PAD
    0x20000160   COMPRESSED   0x00000063   Data   RW         1739    .data               main.o
    0x200001c3   COMPRESSED   0x00000001   PAD
    0x200001c4   COMPRESSED   0x00000013   Data   RW         1852    .data               stm32g4xx_it.o
    0x200001d7   COMPRESSED   0x00000001   PAD
    0x200001d8   COMPRESSED   0x0000000c   Data   RW         2805    .data               stm32g4xx_hal.o
    0x200001e4   COMPRESSED   0x00000004   Data   RW         7391    .data               system_stm32g4xx.o
    0x200001e8   COMPRESSED   0x000002a9   Data   RW         7524    .data               vl53l0x_api.o
    0x20000491   COMPRESSED   0x00000003   PAD
    0x20000494   COMPRESSED   0x00000010   Data   RW         8078    .data               vl53l0x_api_calibration.o
    0x200004a4   COMPRESSED   0x00000004   Data   RW         8822    .data               mc_w.l(stdout.o)
    0x200004a8        -       0x00000080   Zero   RW            8    .bss                adc.o
    0x20000528        -       0x00000258   Zero   RW          198    .bss                algorithm.o
    0x20000780        -       0x00000038   Zero   RW          314    .bss                icm_20608.o
    0x200007b8        -       0x000000a4   Zero   RW          446    .bss                tim.o
    0x2000085c        -       0x00000a7d   Zero   RW          507    .bss                usart.o
    0x200012d9        -       0x000009f3   Zero   RW          642    .bss                work_drive.o
    0x20001ccc        -       0x00000014   Zero   RW          968    .bss                wwdg.o
    0x20001ce0        -       0x000000a8   Zero   RW         1008    .bss                i2c.o
    0x20001d88        -       0x000001c3   Zero   RW         1113    .bss                vl53l0x.o
    0x20001f4b        -       0x00000030   Zero   RW         1180    .bss                vl53l0x_cali.o
    0x20001f7b   COMPRESSED   0x00000001   PAD
    0x20001f7c        -       0x0000003c   Zero   RW         1219    .bss                vl53l0x_gen.o
    0x20001fb8        -       0x00000400   Zero   RW         1613    .bss                td5322a.o
    0x200023b8        -       0x00000407   Zero   RW         1688    .bss                stm32_ota.o
    0x200027bf   COMPRESSED   0x00000001   PAD
    0x200027c0        -       0x00000400   Zero   RW         1964    STACK               startup_stm32g491xx.o


==============================================================================

Image component sizes


      Code (inc. data)   RO Data    RW Data    ZI Data      Debug   Object Name

       736         94          0         14        128     714598   adc.o
       868         88          0          4        600       6127   algorithm.o
       756         46          0          0          0       2811   gpio.o
       640         84          0          0        168       3776   i2c.o
       434         40          0          0         56       5885   icm_20608.o
       968         96          0         53          0      33862   key_scan.o
      1208        280         24         99          0       9130   main.o
       210         30          0         52          0       3228   opt3001.o
        36          8        472          0       1024        784   startup_stm32g491xx.o
       600        142         30          0       1031       6850   stm32_ota.o
       320         44          0         12          0       5752   stm32g4xx_hal.o
      3168        152          0          0          0      81503   stm32g4xx_hal_adc.o
       370         28          0          0          0      34937   stm32g4xx_hal_cortex.o
      1278         32          0          0          0       6723   stm32g4xx_hal_dma.o
       834         64          0          0          0       4637   stm32g4xx_hal_gpio.o
      2410         34          0          0          0      13143   stm32g4xx_hal_i2c.o
       210          0          0          0          0       1887   stm32g4xx_hal_i2c_ex.o
       132         20          0          0          0       2272   stm32g4xx_hal_pwr.o
       404         30          0          0          0       1956   stm32g4xx_hal_pwr_ex.o
      2480        124          0          0          0       7729   stm32g4xx_hal_rcc.o
      1016         10          0          0          0       1924   stm32g4xx_hal_rcc_ex.o
      1054         62          0          0          0       5927   stm32g4xx_hal_tim.o
       218         30          0          0          0       5264   stm32g4xx_hal_tim_ex.o
      5568        152         24          0          0      41208   stm32g4xx_hal_uart.o
       356         10         16          0          0       5186   stm32g4xx_hal_uart_ex.o
        58          0          0          0          0       2098   stm32g4xx_hal_wwdg.o
      1346        142          0         19          0      10556   stm32g4xx_it.o
         2          0         24          4          0       1131   system_stm32g4xx.o
      1558        498        859         78       1024       9658   td5322a.o
       344         38          0          0        164       2671   tim.o
      1212        118          0          0       2685       8040   usart.o
       352         82          0         57        451       3628   vl53l0x.o
      4120         62          0        681          0      33519   vl53l0x_api.o
      2142         16          0         16          0      16687   vl53l0x_api_calibration.o
      5792         18          0          0          0      27843   vl53l0x_api_core.o
      1228        620          0          0          0       3981   vl53l0x_api_strings.o
         0          0          0          0         48        818   vl53l0x_cali.o
       560         44          0          2         60       3060   vl53l0x_gen.o
       384         32          0          0          0       5094   vl53l0x_i2c.o
       442          0          0          0          0       6883   vl53l0x_platform.o
      3920        460        199         78       2547      30529   work_drive.o
        72         14          0          0         20       1147   wwdg.o
       518         22          0          0          0       3710   zd25wq32c.o

    ----------------------------------------------------------------------
     50394       3866       1684       1188      10008    1178152   Object Totals
         0          0         32          0          0          0   (incl. Generated)
        70          0          4         19          2          0   (incl. Padding)

    ----------------------------------------------------------------------

      Code (inc. data)   RO Data    RW Data    ZI Data      Debug   Library Member Name

        86          0          0          0          0          0   __dczerorl2.o
         0          0          0          0          0          0   entry.o
         0          0          0          0          0          0   entry10a.o
         0          0          0          0          0          0   entry11a.o
         4          0          0          0          0          0   entry12b.o
         8          4          0          0          0          0   entry2.o
         4          0          0          0          0          0   entry5.o
         0          0          0          0          0          0   entry7b.o
         0          0          0          0          0          0   entry8b.o
         8          4          0          0          0          0   entry9a.o
        30          0          0          0          0          0   handlers.o
        36          8          0          0          0         68   init.o
         0          0          0          0          0          0   iusefp.o
        30          0          0          0          0         68   llshl.o
        36          0          0          0          0         68   llsshr.o
        32          0          0          0          0         68   llushr.o
        36          0          0          0          0         68   memcpya.o
        36          0          0          0          0        108   memseta.o
      2218         90          0          0          0        464   printfa.o
         0          0          0          4          0          0   stdout.o
        18          0          0          0          0         68   strcpy.o
        14          0          0          0          0         68   strlen.o
        36          0          0          0          0         80   strstr.o
        44          0          0          0          0         80   uidiv.o
        98          0          0          0          0         92   uldiv.o
        48          0          0          0          0         68   cdcmple.o
        48          0          0          0          0         68   cdrcmple.o
        56          0          0          0          0         88   d2f.o
       334          0          0          0          0        148   dadd.o
       222          0          0          0          0        100   ddiv.o
       186          0          0          0          0        176   depilogue.o
        50          0          0          0          0         76   dfixui.o
        48          0          0          0          0         68   dfixul.o
        26          0          0          0          0         76   dfltui.o
       228          0          0          0          0         96   dmul.o
        38          0          0          0          0         68   f2d.o
       110          0          0          0          0        168   fepilogue.o

    ----------------------------------------------------------------------
      4174        106          0          4          0       2500   Library Totals
         6          0          0          0          0          0   (incl. Padding)

    ----------------------------------------------------------------------

      Code (inc. data)   RO Data    RW Data    ZI Data      Debug   Library Name

      2774        106          0          4          0       1300   mc_w.l
      1394          0          0          0          0       1200   mf_w.l

    ----------------------------------------------------------------------
      4174        106          0          4          0       2500   Library Totals

    ----------------------------------------------------------------------

==============================================================================


      Code (inc. data)   RO Data    RW Data    ZI Data      Debug   

     54568       3972       1684       1192      10008    1162320   Grand Totals
     54568       3972       1684        864      10008    1162320   ELF Image Totals (compressed)
     54568       3972       1684        864          0          0   ROM Totals

==============================================================================

    Total RO  Size (Code + RO Data)                56252 (  54.93kB)
    Total RW  Size (RW Data + ZI Data)             11200 (  10.94kB)
    Total ROM Size (Code + RO Data + RW Data)      57116 (  55.78kB)

==============================================================================

